ARM Linker, 5.03 [Build 76] [MDK-ARM Standard]

==============================================================================

Section Cross References

    main.o(i.advertising_init) refers to memseta.o(.text) for __aeabi_memclr4
    main.o(i.advertising_init) refers to memcpya.o(.text) for __aeabi_memcpy4
    main.o(i.advertising_init) refers to app_error.o(i.app_error_handler_bare) for app_error_handler_bare
    main.o(i.advertising_init) refers to ble_advertising.o(i.ble_advertising_init) for ble_advertising_init
    main.o(i.advertising_init) refers to main.o(.data) for .data
    main.o(i.advertising_init) refers to main.o(.constdata) for .constdata
    main.o(i.advertising_init) refers to main.o(i.ble_advertising_error_handler) for ble_advertising_error_handler
    main.o(i.advertising_init) refers to main.o(i.on_adv_evt) for on_adv_evt
    main.o(i.app_clear_all) refers to pstorage.o(i.pstorage_clear) for pstorage_clear
    main.o(i.app_clear_all) refers to pstorage.o(i.pstorage_load) for pstorage_load
    main.o(i.app_clear_all) refers to main.o(.data) for .data
    main.o(i.app_clear_all) refers to main.o(.bss) for .bss
    main.o(i.app_pstorage_init) refers to pstorage.o(i.pstorage_init) for pstorage_init
    main.o(i.app_pstorage_init) refers to pstorage.o(i.pstorage_register) for pstorage_register
    main.o(i.app_pstorage_init) refers to pstorage.o(i.pstorage_block_identifier_get) for pstorage_block_identifier_get
    main.o(i.app_pstorage_init) refers to pstorage.o(i.pstorage_load) for pstorage_load
    main.o(i.app_pstorage_init) refers to main.o(.data) for .data
    main.o(i.app_pstorage_init) refers to main.o(i.example_cb_handler) for example_cb_handler
    main.o(i.app_pstorage_init) refers to main.o(.bss) for .bss
    main.o(i.app_updata_value) refers to pstorage.o(i.pstorage_update) for pstorage_update
    main.o(i.app_updata_value) refers to printfa.o(i.__0printf) for __2printf
    main.o(i.app_updata_value) refers to nrf_delay.o(i.nrf_delay_ms) for nrf_delay_ms
    main.o(i.app_updata_value) refers to main.o(.data) for .data
    main.o(i.app_updata_value) refers to main.o(.bss) for .bss
    main.o(i.assert_nrf_callback) refers to app_error.o(i.app_error_handler) for app_error_handler
    main.o(i.ble_advertising_error_handler) refers to app_error.o(i.app_error_handler_bare) for app_error_handler_bare
    main.o(i.ble_evt_dispatch) refers to ble_conn_params.o(i.ble_conn_params_on_ble_evt) for ble_conn_params_on_ble_evt
    main.o(i.ble_evt_dispatch) refers to ble_nus.o(i.ble_nus_on_ble_evt) for ble_nus_on_ble_evt
    main.o(i.ble_evt_dispatch) refers to main.o(i.on_ble_evt) for on_ble_evt
    main.o(i.ble_evt_dispatch) refers to ble_advertising.o(i.ble_advertising_on_ble_evt) for ble_advertising_on_ble_evt
    main.o(i.ble_evt_dispatch) refers to bsp_btn_ble.o(i.bsp_btn_ble_on_ble_evt) for bsp_btn_ble_on_ble_evt
    main.o(i.ble_evt_dispatch) refers to ble_tps.o(i.ble_tps_on_ble_evt) for ble_tps_on_ble_evt
    main.o(i.ble_evt_dispatch) refers to device_manager_peripheral.o(i.dm_ble_evt_handler) for dm_ble_evt_handler
    main.o(i.ble_evt_dispatch) refers to main.o(.bss) for .bss
    main.o(i.ble_stack_init) refers to softdevice_handler.o(i.softdevice_handler_init) for softdevice_handler_init
    main.o(i.ble_stack_init) refers to app_error.o(i.app_error_handler_bare) for app_error_handler_bare
    main.o(i.ble_stack_init) refers to softdevice_handler.o(i.softdevice_enable_get_default_config) for softdevice_enable_get_default_config
    main.o(i.ble_stack_init) refers to softdevice_handler.o(i.sd_check_ram_start) for sd_check_ram_start
    main.o(i.ble_stack_init) refers to softdevice_handler.o(i.softdevice_enable) for softdevice_enable
    main.o(i.ble_stack_init) refers to softdevice_handler.o(i.softdevice_ble_evt_handler_set) for softdevice_ble_evt_handler_set
    main.o(i.ble_stack_init) refers to softdevice_handler.o(i.softdevice_sys_evt_handler_set) for softdevice_sys_evt_handler_set
    main.o(i.ble_stack_init) refers to main.o(.constdata) for .constdata
    main.o(i.ble_stack_init) refers to main.o(.bss) for .bss
    main.o(i.ble_stack_init) refers to main.o(i.ble_evt_dispatch) for ble_evt_dispatch
    main.o(i.ble_stack_init) refers to main.o(i.sys_evt_dispatch) for sys_evt_dispatch
    main.o(i.bsp_event_handler) refers to bsp.o(i.bsp_buttons_disable) for bsp_buttons_disable
    main.o(i.bsp_event_handler) refers to main.o(i.set_column_input) for set_column_input
    main.o(i.bsp_event_handler) refers to main.o(i.set_row_output) for set_row_output
    main.o(i.bsp_event_handler) refers to app_timer.o(i.app_timer_start) for app_timer_start
    main.o(i.bsp_event_handler) refers to main.o(i.check_row_num) for check_row_num
    main.o(i.bsp_event_handler) refers to ble_nus.o(i.ble_nus_string_send) for ble_nus_string_send
    main.o(i.bsp_event_handler) refers to main.o(i.set_column_output) for set_column_output
[...]
    m_evt_handler                            0x200021e0   Data           4  ble_advertising.o(.data)
    m_error_handler                          0x200021e4   Data           4  ble_advertising.o(.data)
    m_slave_conn_int                         0x200021e8   Data           4  ble_advertising.o(.data)
    m_peer_address                           0x200021ec   Data           7  ble_advertising.o(.data)
    .data                                    0x200021f4   Section       20  ble_conn_params.o(.data)
    m_change_param                           0x200021f4   Data           1  ble_conn_params.o(.data)
    m_update_count                           0x200021f5   Data           1  ble_conn_params.o(.data)
    m_conn_handle                            0x200021f6   Data           2  ble_conn_params.o(.data)
    m_preferred_conn_params                  0x200021f8   Data           8  ble_conn_params.o(.data)
    m_current_conn_params                    0x20002200   Data           8  ble_conn_params.o(.data)
    .data                                    0x20002208   Section        8  app_uart_fifo.o(.data)
    tx_buffer                                0x20002208   Data           1  app_uart_fifo.o(.data)
    rx_buffer                                0x20002209   Data           1  app_uart_fifo.o(.data)
    m_event_handler                          0x2000220c   Data           4  app_uart_fifo.o(.data)
    .data                                    0x20002210   Section       36  pstorage.o(.data)
    m_state                                  0x20002210   Data           1  pstorage.o(.data)
    m_swap_sub_state                         0x20002211   Data           1  pstorage.o(.data)
    m_next_app_instance                      0x20002212   Data           2  pstorage.o(.data)
    m_flags                                  0x20002214   Data           4  pstorage.o(.data)
    m_next_page_addr                         0x20002218   Data           4  pstorage.o(.data)
    m_head_word_size                         0x2000221c   Data           4  pstorage.o(.data)
    m_tail_word_size                         0x20002220   Data           4  pstorage.o(.data)
    m_current_page_id                        0x20002224   Data           4  pstorage.o(.data)
    m_num_of_command_retries                 0x20002228   Data           4  pstorage.o(.data)
    m_num_of_bytes_written                   0x2000222c   Data           4  pstorage.o(.data)
    m_app_data_size                          0x20002230   Data           4  pstorage.o(.data)
    .data                                    0x20002234   Section       20  app_button.o(.data)
    m_button_count                           0x20002234   Data           1  app_button.o(.data)
    mp_buttons                               0x20002238   Data           4  app_button.o(.data)
    m_detection_delay                        0x2000223c   Data           4  app_button.o(.data)
    m_pin_state                              0x20002240   Data           4  app_button.o(.data)
    m_pin_transition                         0x20002244   Data           4  app_button.o(.data)
    .data                                    0x20002248   Section       32  app_timer.o(.data)
    m_user_array_size                        0x20002248   Data           1  app_timer.o(.data)
    m_ticks_elapsed_q_read_ind               0x20002249   Data           1  app_timer.o(.data)
    m_ticks_elapsed_q_write_ind              0x2000224a   Data           1  app_timer.o(.data)
    m_rtc1_running                           0x2000224b   Data           1  app_timer.o(.data)
    m_rtc1_reset                             0x2000224c   Data           1  app_timer.o(.data)
    mp_users                                 0x20002250   Data           4  app_timer.o(.data)
    mp_timer_id_head                         0x20002254   Data           4  app_timer.o(.data)
    m_ticks_latest                           0x20002258   Data           4  app_timer.o(.data)
    m_evt_schedule_func                      0x2000225c   Data           4  app_timer.o(.data)
    m_ticks_elapsed                          0x20002260   Data           8  app_timer.o(.data)
    .data                                    0x20002268   Section        4  retarget.o(.data)
    .data                                    0x2000226c   Section       28  softdevice_handler.o(.data)
    m_softdevice_enabled                     0x2000226c   Data           1  softdevice_handler.o(.data)
    m_ble_evt_buffer_size                    0x2000226e   Data           2  softdevice_handler.o(.data)
    m_evt_schedule_func                      0x20002270   Data           4  softdevice_handler.o(.data)
    mp_ble_evt_buffer                        0x20002274   Data           4  softdevice_handler.o(.data)
    m_ble_evt_handler                        0x20002278   Data           4  softdevice_handler.o(.data)
    m_sys_evt_handler                        0x2000227c   Data           4  softdevice_handler.o(.data)
    .bss                                     0x20002288   Section       32  main.o(.bss)
    m_key_read_id_data                       0x20002288   Data          32  main.o(.bss)
    .bss                                     0x200022a8   Section     1912  main.o(.bss)
    BLE_EVT_BUFFER                           0x200022a8   Data          72  main.o(.bss)
    data_array                               0x200022f0   Data          20  main.o(.bss)
    rx_buf                                   0x20002304   Data         256  main.o(.bss)
    tx_buf                                   0x20002404   Data         256  main.o(.bss)
    APP_SCHED_BUF                            0x20002504   Data         176  main.o(.bss)
    APP_TIMER_BUF                            0x200025b4   Data         888  main.o(.bss)
    m_tps                                    0x200029f6   Data          12  main.o(.bss)
    m_nus                                    0x20002a04   Data          28  main.o(.bss)
    .bss                                     0x20002a20   Section       64  pn532.o(.bss)
    .bss                                     0x20002a60   Section       32  nrf_drv_spi.o(.bss)
    m_cb                                     0x20002a60   Data          32  nrf_drv_spi.o(.bss)
    .bss                                     0x20002a80   Section       36  motot_driver.o(.bss)
    .bss                                     0x20002aa4   Section       24  app_pwm.o(.bss)
    m_pwm_target_value                       0x20002aa4   Data          12  app_pwm.o(.bss)
    m_instances                              0x20002ab0   Data          12  app_pwm.o(.bss)
    .bss                                     0x20002abc   Section       36  nrf_drv_timer.o(.bss)
    m_cb                                     0x20002abc   Data          36  nrf_drv_timer.o(.bss)
    .bss                                     0x20002ae0   Section      295  device_manager_peripheral.o(.bss)
    m_peer_table                             0x20002ae0   Data         196  device_manager_peripheral.o(.bss)
    m_bond_table                             0x20002ba4   Data          28  device_manager_peripheral.o(.bss)
    m_gatts_table                            0x20002bc0   Data          24  device_manager_peripheral.o(.bss)
    m_connection_table                       0x20002bd8   Data          12  device_manager_peripheral.o(.bss)
    m_application_table                      0x20002be4   Data          12  device_manager_peripheral.o(.bss)
    m_local_id_info                          0x20002bf0   Data          23  device_manager_peripheral.o(.bss)
    .bss                                     0x20002c08   Section       32  bsp.o(.bss)
    m_leds_timer_id_data                     0x20002c08   Data          32  bsp.o(.bss)
    .bss                                     0x20002c28   Section       32  bsp.o(.bss)
    m_alert_timer_id_data                    0x20002c28   Data          32  bsp.o(.bss)
    .bss                                     0x20002c48   Section       12  bsp.o(.bss)
    m_events_list                            0x20002c48   Data          12  bsp.o(.bss)
    .bss                                     0x20002c54   Section       32  bsp.o(.bss)
    m_button_timer_id_data                   0x20002c54   Data          32  bsp.o(.bss)
    .bss                                     0x20002c74   Section      259  ble_advertising.o(.bss)
    m_advdata                                0x20002c74   Data          56  ble_advertising.o(.bss)
    m_adv_modes_config                       0x20002cac   Data          36  ble_advertising.o(.bss)
    m_whitelist                              0x20002cd0   Data          16  ble_advertising.o(.bss)
    mp_whitelist_addr                        0x20002ce0   Data          32  ble_advertising.o(.bss)
    mp_whitelist_irk                         0x20002d00   Data          32  ble_advertising.o(.bss)
    m_manuf_specific_data                    0x20002d20   Data          12  ble_advertising.o(.bss)
    m_manuf_data_array                       0x20002d2c   Data          31  ble_advertising.o(.bss)
    m_service_data                           0x20002d4c   Data          12  ble_advertising.o(.bss)
    m_service_data_array                     0x20002d58   Data          31  ble_advertising.o(.bss)
    .bss                                     0x20002d78   Section       32  ble_conn_params.o(.bss)
    m_conn_params_timer_id_data              0x20002d78   Data          32  ble_conn_params.o(.bss)
    .bss                                     0x20002d98   Section       28  ble_conn_params.o(.bss)
    m_conn_params_config                     0x20002d98   Data          28  ble_conn_params.o(.bss)
    .bss                                     0x20002db4   Section       32  app_uart_fifo.o(.bss)
    m_rx_fifo                                0x20002db4   Data          16  app_uart_fifo.o(.bss)
    m_tx_fifo                                0x20002dc4   Data          16  app_uart_fifo.o(.bss)
    .bss                                     0x20002dd4   Section       72  nrf_drv_gpiote.o(.bss)
    m_cb                                     0x20002dd4   Data          72  nrf_drv_gpiote.o(.bss)
    .bss                                     0x20002e1c   Section       28  nrf_drv_uart.o(.bss)
    m_cb                                     0x20002e1c   Data          28  nrf_drv_uart.o(.bss)
    .bss                                     0x20002e38   Section      216  pstorage.o(.bss)
    m_cmd_queue                              0x20002e38   Data         204  pstorage.o(.bss)
    m_app_table                              0x20002f04   Data          12  pstorage.o(.bss)
    .bss                                     0x20002f10   Section       32  app_button.o(.bss)
    m_detection_delay_timer_id_data          0x20002f10   Data          32  app_button.o(.bss)
    .bss                                     0x20002f30   Section       88  fstorage.o(.bss)
    m_queue                                  0x20002f30   Data          88  fstorage.o(.bss)
    STACK                                    0x20002f88   Section     2048  arm_startup_nrf51.o(STACK)

    Global Symbols

    Symbol Name                              Value     Ov Type        Size  Object(Section)

    BuildAttributes$$THM_ISAv3M$S$PE$A:L22$X:L11$S22$IEEE1$IW$USESV6$~STKCKD$USESV7$~SHL$OSPACE$ROPI$EBA8$MICROLIB$REQ8$PRES8$EABIv2 0x00000000   Number         0  anon$$obj.o ABSOLUTE
    __ARM_use_no_argv                        0x00000000   Number         0  main.o ABSOLUTE
    __cpp_initialize__aeabi_                  - Undefined Weak Reference
    __cxa_finalize                            - Undefined Weak Reference
    _clock_init                               - Undefined Weak Reference
    _microlib_exit                            - Undefined Weak Reference
    fs_data$$Base                             - Undefined Reference
    fs_data$$Limit                            - Undefined Reference
    __Vectors_Size                           0x000000c0   Number         0  arm_startup_nrf51.o ABSOLUTE
    __Vectors                                0x0001b000   Data           4  arm_startup_nrf51.o(RESET)
    __Vectors_End                            0x0001b0c0   Data           0  arm_startup_nrf51.o(RESET)
    __main                                   0x0001b0c1   Thumb Code     0  entry.o(.ARM.Collect$$$$00000000)
    _main_stk                                0x0001b0c1   Thumb Code     0  entry2.o(.ARM.Collect$$$$00000001)
    _main_scatterload                        0x0001b0c5   Thumb Code     0  entry5.o(.ARM.Collect$$$$00000004)
    __main_after_scatterload                 0x0001b0c9   Thumb Code     0  entry5.o(.ARM.Collect$$$$00000004)
    _main_clock                              0x0001b0c9   Thumb Code     0  entry7b.o(.ARM.Collect$$$$00000008)
    _main_cpp_init                           0x0001b0c9   Thumb Code     0  entry8b.o(.ARM.Collect$$$$0000000A)
    _main_init                               0x0001b0c9   Thumb Code     0  entry9a.o(.ARM.Collect$$$$0000000B)
    __rt_final_cpp                           0x0001b0d1   Thumb Code     0  entry10a.o(.ARM.Collect$$$$0000000D)
    __rt_final_exit                          0x0001b0d1   Thumb Code     0  entry11a.o(.ARM.Collect$$$$0000000F)
    __asm___11_nrf_delay_c_532987f3__nrf_delay_us 0x0001b0d5   Thumb Code    30  nrf_delay.o(.emb_text)
    __asm___11_app_timer_c_cd27f9c3__nrf_delay_us 0x0001b0f5   Thumb Code    30  app_timer.o(.emb_text)
    Reset_Handler                            0x0001b115   Thumb Code    26  arm_startup_nrf51.o(.text)
    NMI_Handler                              0x0001b12f   Thumb Code     2  arm_startup_nrf51.o(.text)
    HardFault_Handler                        0x0001b131   Thumb Code     2  arm_startup_nrf51.o(.text)
    SVC_Handler                              0x0001b133   Thumb Code     2  arm_startup_nrf51.o(.text)
    PendSV_Handler                           0x0001b135   Thumb Code     2  arm_startup_nrf51.o(.text)
    SysTick_Handler                          0x0001b137   Thumb Code     2  arm_startup_nrf51.o(.text)
    ADC_IRQHandler                           0x0001b139   Thumb Code     0  arm_startup_nrf51.o(.text)
    CCM_AAR_IRQHandler                       0x0001b139   Thumb Code     0  arm_startup_nrf51.o(.text)
    ECB_IRQHandler                           0x0001b139   Thumb Code     0  arm_startup_nrf51.o(.text)
    LPCOMP_IRQHandler                        0x0001b139   Thumb Code     0  arm_startup_nrf51.o(.text)
    POWER_CLOCK_IRQHandler                   0x0001b139   Thumb Code     0  arm_startup_nrf51.o(.text)
    QDEC_IRQHandler                          0x0001b139   Thumb Code     0  arm_startup_nrf51.o(.text)
    RADIO_IRQHandler                         0x0001b139   Thumb Code     0  arm_startup_nrf51.o(.text)
    RNG_IRQHandler                           0x0001b139   Thumb Code     0  arm_startup_nrf51.o(.text)
    RTC0_IRQHandler                          0x0001b139   Thumb Code     0  arm_startup_nrf51.o(.text)
    SPI0_TWI0_IRQHandler                     0x0001b139   Thumb Code     0  arm_startup_nrf51.o(.text)
    SWI1_IRQHandler                          0x0001b139   Thumb Code     0  arm_startup_nrf51.o(.text)
    SWI3_IRQHandler                          0x0001b139   Thumb Code     0  arm_startup_nrf51.o(.text)
    SWI4_IRQHandler                          0x0001b139   Thumb Code     0  arm_startup_nrf51.o(.text)
    SWI5_IRQHandler                          0x0001b139   Thumb Code     0  arm_startup_nrf51.o(.text)
    TEMP_IRQHandler                          0x0001b139   Thumb Code     0  arm_startup_nrf51.o(.text)
    WDT_IRQHandler                           0x0001b139   Thumb Code     0  arm_startup_nrf51.o(.text)
    __aeabi_uidiv                            0x0001b14d   Thumb Code     0  uidiv.o(.text)
    __aeabi_uidivmod                         0x0001b14d   Thumb Code    44  uidiv.o(.text)
    __aeabi_idiv                             0x0001b179   Thumb Code     0  idiv.o(.text)
    __aeabi_idivmod                          0x0001b179   Thumb Code    40  idiv.o(.text)
    __aeabi_memcpy                           0x0001b1a1   Thumb Code    36  memcpya.o(.text)
    __aeabi_memcpy4                          0x0001b1a1   Thumb Code     0  memcpya.o(.text)
    __aeabi_memcpy8                          0x0001b1a1   Thumb Code     0  memcpya.o(.text)
    __aeabi_memset                           0x0001b1c5   Thumb Code    14  memseta.o(.text)
    __aeabi_memset4                          0x0001b1c5   Thumb Code     0  memseta.o(.text)
    __aeabi_memset8                          0x0001b1c5   Thumb Code     0  memseta.o(.text)
    __aeabi_memclr                           0x0001b1d3   Thumb Code     4  memseta.o(.text)
    __aeabi_memclr4                          0x0001b1d3   Thumb Code     0  memseta.o(.text)
    __aeabi_memclr8                          0x0001b1d3   Thumb Code     0  memseta.o(.text)
    _memset$wrapper                          0x0001b1d7   Thumb Code    18  memseta.o(.text)
    strlen                                   0x0001b1e9   Thumb Code    14  strlen.o(.text)
    memcmp                                   0x0001b1f7   Thumb Code    26  memcmp.o(.text)
    __aeabi_uldivmod                         0x0001b211   Thumb Code    96  uldiv.o(.text)
    __I$use$fp                               0x0001b271   Thumb Code     0  iusefp.o(.text)
    __aeabi_dadd                             0x0001b271   Thumb Code   326  dadd.o(.text)
    __aeabi_dsub                             0x0001b3b7   Thumb Code    12  dadd.o(.text)
    __aeabi_drsub                            0x0001b3c3   Thumb Code    12  dadd.o(.text)
    __aeabi_dmul                             0x0001b3d5   Thumb Code   202  dmul.o(.text)
    __aeabi_ddiv                             0x0001b4a5   Thumb Code   234  ddiv.o(.text)
    __aeabi_d2ulz                            0x0001b595   Thumb Code    54  dfixul.o(.text)
    __aeabi_cdrcmple                         0x0001b5d5   Thumb Code    38  cdrcmple.o(.text)
    __scatterload                            0x0001b5fd   Thumb Code    28  init.o(.text)
    __scatterload_rt2                        0x0001b5fd   Thumb Code     0  init.o(.text)
    __aeabi_llsl                             0x0001b621   Thumb Code    32  llshl.o(.text)
    _ll_shift_l                              0x0001b621   Thumb Code     0  llshl.o(.text)
    __aeabi_llsr                             0x0001b641   Thumb Code    34  llushr.o(.text)
    _ll_ushift_r                             0x0001b641   Thumb Code     0  llushr.o(.text)
    __aeabi_lasr                             0x0001b663   Thumb Code    38  llsshr.o(.text)
    _ll_sshift_r                             0x0001b663   Thumb Code     0  llsshr.o(.text)
    _double_round                            0x0001b689   Thumb Code    26  depilogue.o(.text)
    _double_epilogue                         0x0001b6a3   Thumb Code   166  depilogue.o(.text)
    __decompress                             0x0001b749   Thumb Code     0  __dczerorl2.o(.text)
    __decompress1                            0x0001b749   Thumb Code    86  __dczerorl2.o(.text)
    GPIOTE_IRQHandler                        0x0001b7a1   Thumb Code   318  nrf_drv_gpiote.o(i.GPIOTE_IRQHandler)
    Get_uid                                  0x0001b8fd   Thumb Code    70  pn532.o(i.Get_uid)
    NFC_init                                 0x0001b955   Thumb Code    36  pn532.o(i.NFC_init)
    NFC_wait_card_once                       0x0001b97d   Thumb Code    18  pn532.o(i.NFC_wait_card_once)
    PN532_CS_HIGH                            0x0001b9d5   Thumb Code    14  pn532_spi.o(i.PN532_CS_HIGH)
    PN532_CS_LOW                             0x0001b9e9   Thumb Code    14  pn532_spi.o(i.PN532_CS_LOW)
    RTC1_IRQHandler                          0x0001b9fd   Thumb Code    28  app_timer.o(i.RTC1_IRQHandler)
    SAMConfig                                0x0001ba1d   Thumb Code    48  pn532.o(i.SAMConfig)
    SPI1_TWI1_IRQHandler                     0x0001ba51   Thumb Code    46  nrf_drv_spi.o(i.SPI1_TWI1_IRQHandler)
    SPI_WriteByte                            0x0001ba89   Thumb Code    60  pn532_spi.o(i.SPI_WriteByte)
    SPI_readByte                             0x0001bac5   Thumb Code    58  pn532_spi.o(i.SPI_readByte)
    SWI0_IRQHandler                          0x0001bb05   Thumb Code     8  app_timer.o(i.SWI0_IRQHandler)
    SWI2_IRQHandler                          0x0001bb0d   Thumb Code    28  softdevice_handler.o(i.SWI2_IRQHandler)
    SystemInit                               0x0001bb2d   Thumb Code   130  system_nrf51.o(i.SystemInit)
    TIMER0_IRQHandler                        0x0001bbcd   Thumb Code    14  nrf_drv_timer.o(i.TIMER0_IRQHandler)
    TIMER1_IRQHandler                        0x0001bbe5   Thumb Code    14  nrf_drv_timer.o(i.TIMER1_IRQHandler)
    TIMER2_IRQHandler                        0x0001bbfd   Thumb Code    14  nrf_drv_timer.o(i.TIMER2_IRQHandler)
    UART0_IRQHandler                         0x0001bc15   Thumb Code     8  nrf_drv_uart.o(i.UART0_IRQHandler)
    __0printf                                0x0001bc1d   Thumb Code    24  printfa.o(i.__0printf)
    __1printf                                0x0001bc1d   Thumb Code     0  printfa.o(i.__0printf)
    __2printf                                0x0001bc1d   Thumb Code     0  printfa.o(i.__0printf)
    __c89printf                              0x0001bc1d   Thumb Code     0  printfa.o(i.__0printf)
    printf                                   0x0001bc1d   Thumb Code     0  printfa.o(i.__0printf)
    __ARM_clz                                0x0001bc3d   Thumb Code    46  depilogue.o(i.__ARM_clz)
    __ARM_common_switch8                     0x0001bc6b   Thumb Code    26  main.o(i.__ARM_common_switch8)
    __scatterload_copy                       0x0001bc85   Thumb Code    14  handlers.o(i.__scatterload_copy)
    __scatterload_null                       0x0001bc93   Thumb Code     2  handlers.o(i.__scatterload_null)
    __scatterload_zeroinit                   0x0001bc95   Thumb Code    14  handlers.o(i.__scatterload_zeroinit)
    adv_data_encode                          0x0001c541   Thumb Code   534  ble_advdata.o(i.adv_data_encode)
    app_button_disable                       0x0001c851   Thumb Code    36  app_button.o(i.app_button_disable)
    app_button_enable                        0x0001c87d   Thumb Code    32  app_button.o(i.app_button_enable)
    app_button_init                          0x0001c8a1   Thumb Code   100  app_button.o(i.app_button_init)
    app_error_fault_handler                  0x0001c915   Thumb Code    16  app_error_weak.o(i.app_error_fault_handler)
    app_error_handler_bare                   0x0001c92d   Thumb Code    20  app_error.o(i.app_error_handler_bare)
    app_fifo_get                             0x0001c951   Thumb Code    22  app_fifo.o(i.app_fifo_get)
    app_fifo_init                            0x0001c967   Thumb Code    36  app_fifo.o(i.app_fifo_init)
    app_fifo_put                             0x0001c98b   Thumb Code    26  app_fifo.o(i.app_fifo_put)
    app_pstorage_init                        0x0001c9f1   Thumb Code   352  main.o(i.app_pstorage_init)
    app_pwm_busy_check                       0x0001cb5d   Thumb Code    52  app_pwm.o(i.app_pwm_busy_check)
    app_pwm_channel_duty_set                 0x0001cb99   Thumb Code    32  app_pwm.o(i.app_pwm_channel_duty_set)
    app_pwm_channel_duty_ticks_set           0x0001cbb9   Thumb Code   184  app_pwm.o(i.app_pwm_channel_duty_ticks_set)
    app_pwm_disable                          0x0001cd59   Thumb Code   130  app_pwm.o(i.app_pwm_disable)
    app_pwm_enable                           0x0001cde1   Thumb Code   116  app_pwm.o(i.app_pwm_enable)
    app_pwm_init                             0x0001ce59   Thumb Code   362  app_pwm.o(i.app_pwm_init)
    app_sched_event_put                      0x0001d01d   Thumb Code   146  app_scheduler.o(i.app_sched_event_put)
    app_sched_execute                        0x0001d0b9   Thumb Code    30  app_scheduler.o(i.app_sched_execute)
    app_sched_init                           0x0001d0d9   Thumb Code    40  app_scheduler.o(i.app_sched_init)
    app_timer_create                         0x0001d105   Thumb Code    40  app_timer.o(i.app_timer_create)
    app_timer_evt_schedule                   0x0001d149   Thumb Code    18  app_timer_appsh.o(i.app_timer_evt_schedule)
    app_timer_init                           0x0001d161   Thumb Code   126  app_timer.o(i.app_timer_init)
    app_timer_start                          0x0001d1f1   Thumb Code   114  app_timer.o(i.app_timer_start)
    app_timer_stop                           0x0001d26d   Thumb Code    78  app_timer.o(i.app_timer_stop)
    app_uart_get                             0x0001d2c1   Thumb Code    44  app_uart_fifo.o(i.app_uart_get)
    app_uart_init                            0x0001d2f5   Thumb Code   144  app_uart_fifo.o(i.app_uart_init)
    app_uart_put                             0x0001d395   Thumb Code    48  app_uart_fifo.o(i.app_uart_put)
    app_updata_value                         0x0001d3cd   Thumb Code   130  main.o(i.app_updata_value)
    app_util_critical_region_enter           0x0001d471   Thumb Code    48  app_util_platform.o(i.app_util_critical_region_enter)
    app_util_critical_region_exit            0x0001d4ad   Thumb Code    36  app_util_platform.o(i.app_util_critical_region_exit)
    ble_advdata_set                          0x0001d4e5   Thumb Code   104  ble_advdata.o(i.ble_advdata_set)
    ble_advertising_init                     0x0001d555   Thumb Code   284  ble_advertising.o(i.ble_advertising_init)
    ble_advertising_on_ble_evt               0x0001d679   Thumb Code   118  ble_advertising.o(i.ble_advertising_on_ble_evt)
    ble_advertising_on_sys_evt               0x0001d6f5   Thumb Code    42  ble_advertising.o(i.ble_advertising_on_sys_evt)
    ble_advertising_peer_addr_reply          0x0001d725   Thumb Code    44  ble_advertising.o(i.ble_advertising_peer_addr_reply)
    ble_advertising_restart_without_whitelist 0x0001d765   Thumb Code    78  ble_advertising.o(i.ble_advertising_restart_without_whitelist)
    ble_advertising_start                    0x0001d7bd   Thumb Code   482  ble_advertising.o(i.ble_advertising_start)
    ble_advertising_whitelist_reply          0x0001d9a9   Thumb Code    74  ble_advertising.o(i.ble_advertising_whitelist_reply)
    ble_conn_params_init                     0x0001d9fd   Thumb Code    68  ble_conn_params.o(i.ble_conn_params_init)
    ble_conn_params_on_ble_evt               0x0001da51   Thumb Code   132  ble_conn_params.o(i.ble_conn_params_on_ble_evt)
    ble_dis_init                             0x0001db41   Thumb Code   308  ble_dis.o(i.ble_dis_init)
    ble_nus_init                             0x0001dcb9   Thumb Code    98  ble_nus.o(i.ble_nus_init)
    ble_nus_on_ble_evt                       0x0001dd21   Thumb Code    88  ble_nus.o(i.ble_nus_on_ble_evt)
    ble_nus_string_send                      0x0001dd79   Thumb Code    78  ble_nus.o(i.ble_nus_string_send)
    ble_srv_ascii_to_utf8                    0x0001ddcd   Thumb Code    18  ble_srv_common.o(i.ble_srv_ascii_to_utf8)
    ble_tps_init                             0x0001de61   Thumb Code    38  ble_tps.o(i.ble_tps_init)
    ble_tps_on_ble_evt                       0x0001de8d   Thumb Code    12  ble_tps.o(i.ble_tps_on_ble_evt)
    bond_data_load                           0x0001de99   Thumb Code    58  device_manager_peripheral.o(i.bond_data_load)
    bsp_btn_ble_init                         0x0001dee1   Thumb Code    80  bsp_btn_ble.o(i.bsp_btn_ble_init)
    bsp_btn_ble_on_ble_evt                   0x0001df35   Thumb Code   114  bsp_btn_ble.o(i.bsp_btn_ble_on_ble_evt)
    bsp_button_is_pressed                    0x0001e04d   Thumb Code    34  bsp.o(i.bsp_button_is_pressed)
    bsp_buttons_disable                      0x0001e079   Thumb Code     8  bsp.o(i.bsp_buttons_disable)
    bsp_buttons_enable                       0x0001e081   Thumb Code     8  bsp.o(i.bsp_buttons_enable)
    bsp_event_handler                        0x0001e089   Thumb Code   768  main.o(i.bsp_event_handler)
    bsp_event_to_button_action_assign        0x0001e469   Thumb Code    66  bsp.o(i.bsp_event_to_button_action_assign)
    bsp_indication_set                       0x0001e4b1   Thumb Code    22  bsp.o(i.bsp_indication_set)
    bsp_init                                 0x0001e4cd   Thumb Code   132  bsp.o(i.bsp_init)
    check_if_nfc                             0x0001e84d   Thumb Code    26  main.o(i.check_if_nfc)
    check_key                                0x0001e871   Thumb Code    50  main.o(i.check_key)
    check_row_num                            0x0001e8ad   Thumb Code    40  main.o(i.check_row_num)
    check_uid                                0x0001e8d9   Thumb Code    44  main.o(i.check_uid)
    delay_ms                                 0x0001edbd   Thumb Code     8  pn532_spi.o(i.delay_ms)
    dm_ble_evt_handler                       0x0001f041   Thumb Code   946  device_manager_peripheral.o(i.dm_ble_evt_handler)
    dm_handle_initialize                     0x0001f409   Thumb Code    22  device_manager_peripheral.o(i.dm_handle_initialize)
    dm_init                                  0x0001f425   Thumb Code   174  device_manager_peripheral.o(i.dm_init)
    dm_peer_addr_get                         0x0001f4e9   Thumb Code   108  device_manager_peripheral.o(i.dm_peer_addr_get)
    dm_register                              0x0001f6b9   Thumb Code   104  device_manager_peripheral.o(i.dm_register)
    dm_whitelist_create                      0x0001f72d   Thumb Code   164  device_manager_peripheral.o(i.dm_whitelist_create)
    fputc                                    0x0001f911   Thumb Code    14  retarget.o(i.fputc)
    fs_queued_op_count_get                   0x0001f921   Thumb Code    18  fstorage.o(i.fs_queued_op_count_get)
    getFirmwareVersion                       0x0001fb59   Thumb Code    62  pn532.o(i.getFirmwareVersion)
    intern_softdevice_events_execute         0x0001fc6d   Thumb Code   116  softdevice_handler.o(i.intern_softdevice_events_execute)
    io_init                                  0x0001fce5   Thumb Code   114  main.o(i.io_init)
    isReady                                  0x0001fda1   Thumb Code    32  pn532_spi.o(i.isReady)
    main                                     0x000201b9   Thumb Code   488  main.o(i.main)
    nrf_delay_ms                             0x0002056d   Thumb Code    24  nrf_delay.o(i.nrf_delay_ms)
    nrf_drv_common_irq_enable                0x00020589   Thumb Code    78  nrf_drv_common.o(i.nrf_drv_common_irq_enable)
    nrf_drv_gpiote_in_event_disable          0x000205e9   Thumb Code    62  nrf_drv_gpiote.o(i.nrf_drv_gpiote_in_event_disable)
    nrf_drv_gpiote_in_event_enable           0x00020631   Thumb Code   138  nrf_drv_gpiote.o(i.nrf_drv_gpiote_in_event_enable)
    nrf_drv_gpiote_in_init                   0x000206d1   Thumb Code   140  nrf_drv_gpiote.o(i.nrf_drv_gpiote_in_init)
    nrf_drv_gpiote_in_is_set                 0x0002076d   Thumb Code    16  nrf_drv_gpiote.o(i.nrf_drv_gpiote_in_is_set)
    nrf_drv_gpiote_init                      0x00020781   Thumb Code    76  nrf_drv_gpiote.o(i.nrf_drv_gpiote_init)
    nrf_drv_gpiote_is_init                   0x000207d5   Thumb Code    12  nrf_drv_gpiote.o(i.nrf_drv_gpiote_is_init)
    nrf_drv_gpiote_out_init                  0x000207e5   Thumb Code   136  nrf_drv_gpiote.o(i.nrf_drv_gpiote_out_init)
    nrf_drv_gpiote_out_task_addr_get         0x0002087d   Thumb Code    16  nrf_drv_gpiote.o(i.nrf_drv_gpiote_out_task_addr_get)
    nrf_drv_gpiote_out_task_disable          0x00020891   Thumb Code    24  nrf_drv_gpiote.o(i.nrf_drv_gpiote_out_task_disable)
    nrf_drv_gpiote_out_task_enable           0x000208b1   Thumb Code    38  nrf_drv_gpiote.o(i.nrf_drv_gpiote_out_task_enable)
    nrf_drv_gpiote_out_task_force            0x000208e1   Thumb Code    36  nrf_drv_gpiote.o(i.nrf_drv_gpiote_out_task_force)
    nrf_drv_gpiote_out_uninit                0x0002090d   Thumb Code    60  nrf_drv_gpiote.o(i.nrf_drv_gpiote_out_uninit)
    nrf_drv_ppi_channel_alloc                0x00020951   Thumb Code    96  nrf_drv_ppi.o(i.nrf_drv_ppi_channel_alloc)
    nrf_drv_ppi_channel_assign               0x000209b9   Thumb Code    58  nrf_drv_ppi.o(i.nrf_drv_ppi_channel_assign)
    nrf_drv_ppi_channel_disable              0x000209f9   Thumb Code    52  nrf_drv_ppi.o(i.nrf_drv_ppi_channel_disable)
    nrf_drv_ppi_channel_enable               0x00020a31   Thumb Code    52  nrf_drv_ppi.o(i.nrf_drv_ppi_channel_enable)
    nrf_drv_ppi_channel_free                 0x00020a69   Thumb Code    54  nrf_drv_ppi.o(i.nrf_drv_ppi_channel_free)
    nrf_drv_ppi_channels_include_in_group    0x00020aa9   Thumb Code    78  nrf_drv_ppi.o(i.nrf_drv_ppi_channels_include_in_group)
    nrf_drv_ppi_channels_remove_from_group   0x00020afd   Thumb Code    78  nrf_drv_ppi.o(i.nrf_drv_ppi_channels_remove_from_group)
    nrf_drv_ppi_group_alloc                  0x00020b51   Thumb Code    96  nrf_drv_ppi.o(i.nrf_drv_ppi_group_alloc)
    nrf_drv_ppi_group_enable                 0x00020bb5   Thumb Code    44  nrf_drv_ppi.o(i.nrf_drv_ppi_group_enable)
    nrf_drv_ppi_group_free                   0x00020be5   Thumb Code    72  nrf_drv_ppi.o(i.nrf_drv_ppi_group_free)
    nrf_drv_ppi_init                         0x00020c35   Thumb Code    20  nrf_drv_ppi.o(i.nrf_drv_ppi_init)
    nrf_drv_timer_clear                      0x00020c67   Thumb Code     8  nrf_drv_timer.o(i.nrf_drv_timer_clear)
    nrf_drv_timer_compare                    0x00020c6f   Thumb Code    42  nrf_drv_timer.o(i.nrf_drv_timer_compare)
    nrf_drv_timer_compare_int_disable        0x00020ca7   Thumb Code    18  nrf_drv_timer.o(i.nrf_drv_timer_compare_int_disable)
    nrf_drv_timer_compare_int_enable         0x00020cb9   Thumb Code    34  nrf_drv_timer.o(i.nrf_drv_timer_compare_int_enable)
    nrf_drv_timer_disable                    0x00020cdd   Thumb Code    20  nrf_drv_timer.o(i.nrf_drv_timer_disable)
    nrf_drv_timer_enable                     0x00020cf5   Thumb Code    22  nrf_drv_timer.o(i.nrf_drv_timer_enable)
    nrf_drv_timer_extended_compare           0x00020d11   Thumb Code    46  nrf_drv_timer.o(i.nrf_drv_timer_extended_compare)
    nrf_drv_timer_init                       0x00020d41   Thumb Code   162  nrf_drv_timer.o(i.nrf_drv_timer_init)
    nrf_drv_timer_uninit                     0x00020ded   Thumb Code    66  nrf_drv_timer.o(i.nrf_drv_timer_uninit)
    nrf_drv_uart_init                        0x00020e39   Thumb Code   180  nrf_drv_uart.o(i.nrf_drv_uart_init)
    nrf_drv_uart_rx                          0x00020f09   Thumb Code    66  nrf_drv_uart.o(i.nrf_drv_uart_rx)
    nrf_drv_uart_rx_enable                   0x00020f55   Thumb Code    20  nrf_drv_uart.o(i.nrf_drv_uart_rx_enable)
    nrf_drv_uart_tx                          0x00021009   Thumb Code    32  nrf_drv_uart.o(i.nrf_drv_uart_tx)
    nrf_drv_uart_tx_in_progress              0x000210a1   Thumb Code    12  nrf_drv_uart.o(i.nrf_drv_uart_tx_in_progress)
    pstorage_access_status_get               0x00021561   Thumb Code    30  pstorage.o(i.pstorage_access_status_get)
    pstorage_block_identifier_get            0x00021589   Thumb Code    74  pstorage.o(i.pstorage_block_identifier_get)
    pstorage_clear                           0x000215dd   Thumb Code   156  pstorage.o(i.pstorage_clear)
    pstorage_init                            0x000216b1   Thumb Code    68  pstorage.o(i.pstorage_init)
    pstorage_load                            0x000216fd   Thumb Code   158  pstorage.o(i.pstorage_load)
    pstorage_register                        0x000217a5   Thumb Code   180  pstorage.o(i.pstorage_register)
    pstorage_store                           0x00021861   Thumb Code   134  pstorage.o(i.pstorage_store)
    pstorage_sys_event_handler               0x000218f1   Thumb Code    72  pstorage.o(i.pstorage_sys_event_handler)
    pstorage_update                          0x0002193d   Thumb Code   134  pstorage.o(i.pstorage_update)
    pwm_driver_init                          0x00021a65   Thumb Code    48  motot_driver.o(i.pwm_driver_init)
    pwm_ready_callback                       0x00021ab1   Thumb Code     8  motot_driver.o(i.pwm_ready_callback)
    pwm_ready_tick                           0x00021abd   Thumb Code    78  app_pwm.o(i.pwm_ready_tick)
    readAckFrame                             0x00021e81   Thumb Code    64  pn532_spi.o(i.readAckFrame)
    readPassiveTargetID                      0x00021ec9   Thumb Code    80  pn532.o(i.readPassiveTargetID)
    readResponse                             0x00021f1d   Thumb Code   222  pn532_spi.o(i.readResponse)
    scheduler_init                           0x00022151   Thumb Code    22  main.o(i.scheduler_init)
    sd_check_ram_start                       0x0002216d   Thumb Code    10  softdevice_handler.o(i.sd_check_ram_start)
    servo_left                               0x00022349   Thumb Code    64  motot_driver.o(i.servo_left)
    servo_right                              0x00022395   Thumb Code    50  motot_driver.o(i.servo_right)
    set_column_input                         0x000223cd   Thumb Code    28  main.o(i.set_column_input)
    set_column_output                        0x000223e9   Thumb Code    40  main.o(i.set_column_output)
    set_row_input                            0x00022411   Thumb Code    36  main.o(i.set_row_input)
    set_row_output                           0x00022435   Thumb Code    52  main.o(i.set_row_output)
    softdevice_ble_evt_handler_set           0x000224b1   Thumb Code    16  softdevice_handler.o(i.softdevice_ble_evt_handler_set)
    softdevice_enable                        0x000224c5   Thumb Code    14  softdevice_handler.o(i.softdevice_enable)
    softdevice_enable_get_default_config     0x000224d9   Thumb Code    40  softdevice_handler.o(i.softdevice_enable_get_default_config)
    softdevice_fault_handler                 0x00022501   Thumb Code     8  softdevice_handler.o(i.softdevice_fault_handler)
    softdevice_handler_init                  0x00022509   Thumb Code    42  softdevice_handler.o(i.softdevice_handler_init)
    softdevice_sys_evt_handler_set           0x0002253d   Thumb Code    16  softdevice_handler.o(i.softdevice_sys_evt_handler_set)
    uart_event_handle                        0x00022aa1   Thumb Code    38  main.o(i.uart_event_handle)
    wakeup                                   0x00022e81   Thumb Code    18  pn532_spi.o(i.wakeup)
    writeCommand                             0x00022ea5   Thumb Code    60  pn532_spi.o(i.writeCommand)
    writeFrame                               0x00022ee5   Thumb Code   120  pn532_spi.o(i.writeFrame)
    m_pwm_PWM1_timer                         0x00022ff4   Data           8  motot_driver.o(.constdata)
    PWM1                                     0x00022ffc   Data           8  motot_driver.o(.constdata)
    m_service_context_store                  0x0002303c   Data          16  device_manager_peripheral.o(.constdata)
    m_service_context_load                   0x0002304c   Data          16  device_manager_peripheral.o(.constdata)
    m_service_context_apply                  0x0002305c   Data          16  device_manager_peripheral.o(.constdata)
    Region$$Table$$Base                      0x0002312c   Number         0  anon$$obj.o(Region$$Table)
    Region$$Table$$Limit                     0x0002314c   Number         0  anon$$obj.o(Region$$Table)
    Image$$RW_IRAM1$$Base                    0x20002080   Number         0  main.o(.data)
    pstorage_wait_flag                       0x20002080   Data           1  main.o(.data)
    key_index                                0x20002081   Data           1  main.o(.data)
    key_time                                 0x20002082   Data           1  main.o(.data)
    check_keyword_flag                       0x20002083   Data           1  main.o(.data)
    check_back_flag                          0x20002084   Data           1  main.o(.data)
    test_flag                                0x20002085   Data           1  main.o(.data)
    sleep_flag                               0x20002086   Data           1  main.o(.data)
    reset_flag                               0x20002087   Data           1  main.o(.data)
    state                                    0x20002088   Data           1  main.o(.data)
    pstorage_wait_handle                     0x20002090   Data           4  main.o(.data)
    base_handle                              0x2000209c   Data           8  main.o(.data)
    block_0_handle                           0x200020a4   Data           8  main.o(.data)
    block_1_handle                           0x200020ac   Data           8  main.o(.data)
    block_2_handle                           0x200020b4   Data           8  main.o(.data)
    block_3_handle                           0x200020bc   Data           8  main.o(.data)
    block_4_handle                           0x200020c4   Data           8  main.o(.data)
    block_5_handle                           0x200020cc   Data           8  main.o(.data)
    block_6_handle                           0x200020d4   Data           8  main.o(.data)
    block_7_handle                           0x200020dc   Data           8  main.o(.data)
    block_8_handle                           0x200020e4   Data           8  main.o(.data)
    param                                    0x200020ec   Data           8  main.o(.data)
    NFCState                                 0x200020f4   Data           1  pn532.o(.data)
    spi2_CS_swich                            0x200020f5   Data           1  pn532.o(.data)
    len                                      0x200020f6   Data           1  pn532.o(.data)
    _uidLen                                  0x200020f7   Data           1  pn532.o(.data)
    uid_len                                  0x200020f8   Data           1  pn532.o(.data)
    last_uid                                 0x200020f9   Data           4  pn532.o(.data)
    start_time                               0x20002100   Data           4  pn532.o(.data)
    process_time                             0x20002104   Data           4  pn532.o(.data)
    response                                 0x20002108   Data           4  pn532.o(.data)
    keya                                     0x2000210c   Data           6  pn532.o(.data)
    _key                                     0x20002112   Data           6  pn532.o(.data)
    card_uid                                 0x20002118   Data           6  pn532.o(.data)
    _uid                                     0x2000211e   Data           7  pn532.o(.data)
    write_flag                               0x20002125   Data           1  pn532_spi.o(.data)
    status                                   0x20002127   Data           1  pn532_spi.o(.data)
    m_pwm_ready_counter                      0x2000212c   Data           6  app_pwm.o(.data)
    SystemCoreClock                          0x200021d0   Data           4  system_nrf51.o(.data)
    __stdout                                 0x20002268   Data           4  retarget.o(.data)
    nrf_nvic_state                           0x20002280   Data           8  softdevice_handler.o(.data)
    default_id_value                         0x2000292c   Data          16  main.o(.bss)
    exist_id_value                           0x2000293c   Data          16  main.o(.bss)
    name_data                                0x2000294c   Data          16  main.o(.bss)
    uid_data                                 0x2000295c   Data          16  main.o(.bss)
    exist_uid_data                           0x2000296c   Data          16  main.o(.bss)
    exist_name_data                          0x2000297c   Data          16  main.o(.bss)
    dest_data_2                              0x2000298c   Data          16  main.o(.bss)
    dest_data_3                              0x2000299c   Data          16  main.o(.bss)
    dest_data_4                              0x200029ac   Data          16  main.o(.bss)
    dest_data_5                              0x200029bc   Data          16  main.o(.bss)
    dest_data_7                              0x200029cc   Data          16  main.o(.bss)
    dest_data_8                              0x200029dc   Data          16  main.o(.bss)
    key_word                                 0x200029ec   Data          10  main.o(.bss)
    pn532_packetbuffer                       0x20002a20   Data          64  pn532.o(.bss)
    m_pwm_PWM1_cb                            0x20002a80   Data          36  motot_driver.o(.bss)
    __initial_sp                             0x20003788   Data           0  arm_startup_nrf51.o(STACK)



==============================================================================

Memory Map of the image

  Image Entry point : 0x0001b0c1

  Load Region LR_IROM1 (Base: 0x0001b000, Size: 0x00008354, Max: 0x00025000, ABSOLUTE, COMPRESSED[0x00008164])

    Execution Region ER_IROM1 (Base: 0x0001b000, Size: 0x0000814c, Max: 0x00025000, ABSOLUTE)

    Base Addr    Size         Type   Attr      Idx    E Section Name        Object

    0x0001b000   0x000000c0   Data   RO         2072    RESET               arm_startup_nrf51.o
    0x0001b0c0   0x00000000   Code   RO         4008  * .ARM.Collect$$$$00000000  mc_p.l(entry.o)
    0x0001b0c0   0x00000004   Code   RO         4287    .ARM.Collect$$$$00000001  mc_p.l(entry2.o)
    0x0001b0c4   0x00000004   Code   RO         4290    .ARM.Collect$$$$00000004  mc_p.l(entry5.o)
    0x0001b0c8   0x00000000   Code   RO         4292    .ARM.Collect$$$$00000008  mc_p.l(entry7b.o)
    0x0001b0c8   0x00000000   Code   RO         4294    .ARM.Collect$$$$0000000A  mc_p.l(entry8b.o)
    0x0001b0c8   0x00000008   Code   RO         4295    .ARM.Collect$$$$0000000B  mc_p.l(entry9a.o)
    0x0001b0d0   0x00000000   Code   RO         4297    .ARM.Collect$$$$0000000D  mc_p.l(entry10a.o)
    0x0001b0d0   0x00000000   Code   RO         4299    .ARM.Collect$$$$0000000F  mc_p.l(entry11a.o)
    0x0001b0d0   0x00000004   Code   RO         4288    .ARM.Collect$$$$00002712  mc_p.l(entry2.o)
    0x0001b0d4   0x0000001e   Code   RO         2498    .emb_text           nrf_delay.o
    0x0001b0f2   0x00000002   PAD
    0x0001b0f4   0x0000001e   Code   RO         3336    .emb_text           app_timer.o
    0x0001b112   0x00000002   PAD
    0x0001b114   0x00000038   Code   RO         2073    .text               arm_startup_nrf51.o
    0x0001b14c   0x0000002c   Code   RO         4011    .text               mc_p.l(uidiv.o)
    0x0001b178   0x00000028   Code   RO         4013    .text               mc_p.l(idiv.o)
    0x0001b1a0   0x00000024   Code   RO         4015    .text               mc_p.l(memcpya.o)
    0x0001b1c4   0x00000024   Code   RO         4017    .text               mc_p.l(memseta.o)
    0x0001b1e8   0x0000000e   Code   RO         4019    .text               mc_p.l(strlen.o)
    0x0001b1f6   0x0000001a   Code   RO         4021    .text               mc_p.l(memcmp.o)
    0x0001b210   0x00000060   Code   RO         4301    .text               mc_p.l(uldiv.o)
    0x0001b270   0x00000000   Code   RO         4303    .text               mc_p.l(iusefp.o)
    0x0001b270   0x00000164   Code   RO         4304    .text               mf_p.l(dadd.o)
    0x0001b3d4   0x000000d0   Code   RO         4306    .text               mf_p.l(dmul.o)
    0x0001b4a4   0x000000f0   Code   RO         4308    .text               mf_p.l(ddiv.o)
    0x0001b594   0x00000040   Code   RO         4310    .text               mf_p.l(dfixul.o)
    0x0001b5d4   0x00000028   Code   RO         4312    .text               mf_p.l(cdrcmple.o)
    0x0001b5fc   0x00000024   Code   RO         4314    .text               mc_p.l(init.o)
    0x0001b620   0x00000020   Code   RO         4316    .text               mc_p.l(llshl.o)
    0x0001b640   0x00000022   Code   RO         4318    .text               mc_p.l(llushr.o)
    0x0001b662   0x00000026   Code   RO         4320    .text               mc_p.l(llsshr.o)
    0x0001b688   0x000000c0   Code   RO         4322    .text               mf_p.l(depilogue.o)
    0x0001b748   0x00000056   Code   RO         4334    .text               mc_p.l(__dczerorl2.o)
    0x0001b79e   0x00000002   PAD
    0x0001b7a0   0x0000015c   Code   RO         2549    i.GPIOTE_IRQHandler  nrf_drv_gpiote.o
    0x0001b8fc   0x00000058   Code   RO          510    i.Get_uid           pn532.o
    0x0001b954   0x00000028   Code   RO          512    i.NFC_init          pn532.o
    0x0001b97c   0x00000012   Code   RO          516    i.NFC_wait_card_once  pn532.o
    0x0001b98e   0x00000002   PAD
    0x0001b990   0x00000044   Code   RO         3337    i.NVIC_SetPriority  app_timer.o
    0x0001b9d4   0x00000014   Code   RO          814    i.PN532_CS_HIGH     pn532_spi.o
    0x0001b9e8   0x00000014   Code   RO          815    i.PN532_CS_LOW      pn532_spi.o
    0x0001b9fc   0x00000020   Code   RO         3338    i.RTC1_IRQHandler   app_timer.o
    0x0001ba1c   0x00000034   Code   RO          519    i.SAMConfig         pn532.o
    0x0001ba50   0x00000038   Code   RO          722    i.SPI1_TWI1_IRQHandler  nrf_drv_spi.o
    0x0001ba88   0x0000003c   Code   RO          816    i.SPI_WriteByte     pn532_spi.o
    0x0001bac4   0x00000040   Code   RO          817    i.SPI_readByte      pn532_spi.o
    0x0001bb04   0x00000008   Code   RO         3339    i.SWI0_IRQHandler   app_timer.o
    0x0001bb0c   0x00000020   Code   RO         3906    i.SWI2_IRQHandler   softdevice_handler.o
    0x0001bb2c   0x000000a0   Code   RO         2080    i.SystemInit        system_nrf51.o
    0x0001bbcc   0x00000018   Code   RO         1321    i.TIMER0_IRQHandler  nrf_drv_timer.o
    0x0001bbe4   0x00000018   Code   RO         1322    i.TIMER1_IRQHandler  nrf_drv_timer.o
    0x0001bbfc   0x00000018   Code   RO         1323    i.TIMER2_IRQHandler  nrf_drv_timer.o
    0x0001bc14   0x00000008   Code   RO         2744    i.UART0_IRQHandler  nrf_drv_uart.o
    0x0001bc1c   0x00000020   Code   RO         4260    i.__0printf         mc_p.l(printfa.o)
    0x0001bc3c   0x0000002e   Code   RO         4324    i.__ARM_clz         mf_p.l(depilogue.o)
    0x0001bc6a   0x0000001a   Code   RO          229    i.__ARM_common_switch8  main.o
    0x0001bc84   0x0000000e   Code   RO         4328    i.__scatterload_copy  mc_p.l(handlers.o)
    0x0001bc92   0x00000002   Code   RO         4329    i.__scatterload_null  mc_p.l(handlers.o)
    0x0001bc94   0x0000000e   Code   RO         4330    i.__scatterload_zeroinit  mc_p.l(handlers.o)
    0x0001bca2   0x00000002   PAD
    0x0001bca4   0x00000158   Code   RO         4267    i._fp_digits        mc_p.l(printfa.o)
    0x0001bdfc   0x000006f8   Code   RO         4268    i._printf_core      mc_p.l(printfa.o)
    0x0001c4f4   0x00000020   Code   RO         4269    i._printf_post_padding  mc_p.l(printfa.o)
    0x0001c514   0x0000002c   Code   RO         4270    i._printf_pre_padding  mc_p.l(printfa.o)
    0x0001c540   0x00000216   Code   RO         2116    i.adv_data_encode   ble_advdata.o
    0x0001c756   0x0000003c   Code   RO         2030    i.advertising_buttons_configure  bsp_btn_ble.o
    0x0001c792   0x00000002   PAD
    0x0001c794   0x000000a4   Code   RO            4    i.advertising_init  main.o
    0x0001c838   0x00000018   Code   RO         1921    i.alert_timer_handler  bsp.o
    0x0001c850   0x0000002c   Code   RO         3159    i.app_button_disable  app_button.o
    0x0001c87c   0x00000024   Code   RO         3160    i.app_button_enable  app_button.o
    0x0001c8a0   0x00000074   Code   RO         3161    i.app_button_init   app_button.o
    0x0001c914   0x00000018   Code   RO         3247    i.app_error_fault_handler  app_error_weak.o
    0x0001c92c   0x00000018   Code   RO         3215    i.app_error_handler_bare  app_error.o
    0x0001c944   0x0000000c   Code   RO         1642    i.app_evt_notify    device_manager_peripheral.o
    0x0001c950   0x00000016   Code   RO         3271    i.app_fifo_get      app_fifo.o
    0x0001c966   0x00000024   Code   RO         3272    i.app_fifo_init     app_fifo.o
    0x0001c98a   0x0000001a   Code   RO         3274    i.app_fifo_put      app_fifo.o
    0x0001c9a4   0x0000002c   Code   RO         2921    i.app_notify        pstorage.o
    0x0001c9d0   0x00000020   Code   RO         2922    i.app_notify_error_state_transit  pstorage.o
    0x0001c9f0   0x0000016c   Code   RO            6    i.app_pstorage_init  main.o
    0x0001cb5c   0x0000003c   Code   RO         1010    i.app_pwm_busy_check  app_pwm.o
    0x0001cb98   0x00000020   Code   RO         1012    i.app_pwm_channel_duty_set  app_pwm.o
    0x0001cbb8   0x000000bc   Code   RO         1014    i.app_pwm_channel_duty_ticks_set  app_pwm.o
    0x0001cc74   0x000000e4   Code   RO         1015    i.app_pwm_channel_init  app_pwm.o
    0x0001cd58   0x00000088   Code   RO         1017    i.app_pwm_disable   app_pwm.o
    0x0001cde0   0x00000078   Code   RO         1018    i.app_pwm_enable    app_pwm.o
    0x0001ce58   0x00000180   Code   RO         1019    i.app_pwm_init      app_pwm.o
    0x0001cfd8   0x00000044   Code   RO         1482    i.app_sched_event_get  app_scheduler.o
    0x0001d01c   0x0000009c   Code   RO         1483    i.app_sched_event_put  app_scheduler.o
    0x0001d0b8   0x0000001e   Code   RO         1484    i.app_sched_execute  app_scheduler.o
    0x0001d0d6   0x00000002   PAD
    0x0001d0d8   0x0000002c   Code   RO         1485    i.app_sched_init    app_scheduler.o
    0x0001d104   0x0000002c   Code   RO         3342    i.app_timer_create  app_timer.o
    0x0001d130   0x00000016   Code   RO         1448    i.app_timer_evt_get  app_timer_appsh.o
    0x0001d146   0x00000002   PAD
    0x0001d148   0x00000018   Code   RO         1449    i.app_timer_evt_schedule  app_timer_appsh.o
    0x0001d160   0x00000090   Code   RO         3343    i.app_timer_init    app_timer.o
    0x0001d1f0   0x0000007c   Code   RO         3344    i.app_timer_start   app_timer.o
    0x0001d26c   0x00000054   Code   RO         3345    i.app_timer_stop    app_timer.o
    0x0001d2c0   0x00000034   Code   RO         2432    i.app_uart_get      app_uart_fifo.o
    0x0001d2f4   0x000000a0   Code   RO         2433    i.app_uart_init     app_uart_fifo.o
    0x0001d394   0x00000038   Code   RO         2434    i.app_uart_put      app_uart_fifo.o
    0x0001d3cc   0x000000a4   Code   RO            7    i.app_updata_value  main.o
    0x0001d470   0x0000003c   Code   RO         3482    i.app_util_critical_region_enter  app_util_platform.o
    0x0001d4ac   0x0000002c   Code   RO         3483    i.app_util_critical_region_exit  app_util_platform.o
    0x0001d4d8   0x0000000c   Code   RO         1172    i.are_app_channels  nrf_drv_ppi.o
    0x0001d4e4   0x00000068   Code   RO         2117    i.ble_advdata_set   ble_advdata.o
    0x0001d54c   0x00000008   Code   RO            9    i.ble_advertising_error_handler  main.o
    0x0001d554   0x00000124   Code   RO         2190    i.ble_advertising_init  ble_advertising.o
    0x0001d678   0x0000007c   Code   RO         2191    i.ble_advertising_on_ble_evt  ble_advertising.o
    0x0001d6f4   0x00000030   Code   RO         2192    i.ble_advertising_on_sys_evt  ble_advertising.o
    0x0001d724   0x00000030   Code   RO         2193    i.ble_advertising_peer_addr_reply  ble_advertising.o
    0x0001d754   0x00000010   Code   RO         2194    i.ble_advertising_peer_address_clear  ble_advertising.o
    0x0001d764   0x00000058   Code   RO         2195    i.ble_advertising_restart_without_whitelist  ble_advertising.o
    0x0001d7bc   0x000001ec   Code   RO         2196    i.ble_advertising_start  ble_advertising.o
    0x0001d9a8   0x00000054   Code   RO         2197    i.ble_advertising_whitelist_reply  ble_advertising.o
    0x0001d9fc   0x00000054   Code   RO         2278    i.ble_conn_params_init  ble_conn_params.o
    0x0001da50   0x00000090   Code   RO         2279    i.ble_conn_params_on_ble_evt  ble_conn_params.o
    0x0001dae0   0x0000005e   Code   RO         2118    i.ble_device_addr_encode  ble_advdata.o
    0x0001db3e   0x00000002   PAD
    0x0001db40   0x00000140   Code   RO         1531    i.ble_dis_init      ble_dis.o
    0x0001dc80   0x00000038   Code   RO           10    i.ble_evt_dispatch  main.o
    0x0001dcb8   0x00000068   Code   RO         2341    i.ble_nus_init      ble_nus.o
    0x0001dd20   0x00000058   Code   RO         2342    i.ble_nus_on_ble_evt  ble_nus.o
    0x0001dd78   0x00000054   Code   RO         2343    i.ble_nus_string_send  ble_nus.o
    0x0001ddcc   0x00000012   Code   RO         2387    i.ble_srv_ascii_to_utf8  ble_srv_common.o
    0x0001ddde   0x00000002   PAD
    0x0001dde0   0x00000080   Code   RO           11    i.ble_stack_init    main.o
    0x0001de60   0x0000002c   Code   RO         1602    i.ble_tps_init      ble_tps.o
    0x0001de8c   0x0000000c   Code   RO         1603    i.ble_tps_on_ble_evt  ble_tps.o
    0x0001de98   0x00000048   Code   RO         1643    i.bond_data_load    device_manager_peripheral.o
    0x0001dee0   0x00000054   Code   RO         2031    i.bsp_btn_ble_init  bsp_btn_ble.o
    0x0001df34   0x00000078   Code   RO         2032    i.bsp_btn_ble_on_ble_evt  bsp_btn_ble.o
    0x0001dfac   0x000000a0   Code   RO         1922    i.bsp_button_event_handler  bsp.o
    0x0001e04c   0x0000002c   Code   RO         1923    i.bsp_button_is_pressed  bsp.o
    0x0001e078   0x00000008   Code   RO         1924    i.bsp_buttons_disable  bsp.o
    0x0001e080   0x00000008   Code   RO         1925    i.bsp_buttons_enable  bsp.o
    0x0001e088   0x000003e0   Code   RO           12    i.bsp_event_handler  main.o
    0x0001e468   0x00000048   Code   RO         1927    i.bsp_event_to_button_action_assign  bsp.o
    0x0001e4b0   0x0000001c   Code   RO         1928    i.bsp_indication_set  bsp.o
    0x0001e4cc   0x000000a0   Code   RO         1930    i.bsp_init          bsp.o
    0x0001e56c   0x000001cc   Code   RO         1931    i.bsp_led_indication  bsp.o
    0x0001e738   0x0000000c   Code   RO         1933    i.button_timer_handler  bsp.o
    0x0001e744   0x0000001c   Code   RO         2550    i.channel_free      nrf_drv_gpiote.o
    0x0001e760   0x00000048   Code   RO         2551    i.channel_port_alloc  nrf_drv_gpiote.o
    0x0001e7a8   0x00000010   Code   RO         2552    i.channel_port_get  nrf_drv_gpiote.o
    0x0001e7b8   0x00000094   Code   RO         1532    i.char_add          ble_dis.o
    0x0001e84c   0x00000024   Code   RO           13    i.check_if_nfc      main.o
    0x0001e870   0x0000003c   Code   RO           14    i.check_key         main.o
    0x0001e8ac   0x0000002c   Code   RO           15    i.check_row_num     main.o
    0x0001e8d8   0x00000030   Code   RO           16    i.check_uid         main.o
    0x0001e908   0x000000f8   Code   RO         2923    i.clear_operation_execute  pstorage.o
    0x0001ea00   0x00000024   Code   RO         2924    i.clear_post_processing_run  pstorage.o
    0x0001ea24   0x00000038   Code   RO         2925    i.cmd_process       pstorage.o
    0x0001ea5c   0x00000020   Code   RO         2926    i.cmd_queue_element_init  pstorage.o
    0x0001ea7c   0x0000004c   Code   RO         2927    i.cmd_queue_enqueue  pstorage.o
    0x0001eac8   0x0000003c   Code   RO         2928    i.command_end_procedure_run  pstorage.o
    0x0001eb04   0x000000a8   Code   RO         3347    i.compare_reg_update  app_timer.o
    0x0001ebac   0x00000088   Code   RO         2119    i.conn_int_encode   ble_advdata.o
    0x0001ec34   0x00000008   Code   RO           17    i.conn_params_error_handler  main.o
    0x0001ec3c   0x00000048   Code   RO           18    i.conn_params_init  main.o
    0x0001ec84   0x00000068   Code   RO         2281    i.conn_params_negotiation  ble_conn_params.o
    0x0001ecec   0x00000030   Code   RO         1644    i.connection_instance_find  device_manager_peripheral.o
    0x0001ed1c   0x00000024   Code   RO         1645    i.connection_instance_init  device_manager_peripheral.o
    0x0001ed40   0x00000054   Code   RO         2929    i.data_page_erase_state_run  pstorage.o
    0x0001ed94   0x00000028   Code   RO         2930    i.data_to_swap_write_state_run  pstorage.o
    0x0001edbc   0x00000008   Code   RO          819    i.delay_ms          pn532_spi.o
    0x0001edc4   0x00000060   Code   RO         3163    i.detection_delay_timeout_handler  app_button.o
    0x0001ee24   0x000000b0   Code   RO         1646    i.device_context_store  device_manager_peripheral.o
    0x0001eed4   0x00000054   Code   RO         1647    i.device_instance_allocate  device_manager_peripheral.o
    0x0001ef28   0x00000048   Code   RO         1648    i.device_instance_find  device_manager_peripheral.o
    0x0001ef70   0x0000002c   Code   RO         1649    i.device_instance_free  device_manager_peripheral.o
    0x0001ef9c   0x0000002c   Code   RO           19    i.device_manager_evt_handler  main.o
    0x0001efc8   0x00000078   Code   RO           20    i.device_manager_init  main.o
    0x0001f040   0x000003c8   Code   RO         1654    i.dm_ble_evt_handler  device_manager_peripheral.o
    0x0001f408   0x0000001c   Code   RO         1660    i.dm_handle_initialize  device_manager_peripheral.o
    0x0001f424   0x000000c4   Code   RO         1661    i.dm_init           device_manager_peripheral.o
    0x0001f4e8   0x0000007c   Code   RO         1662    i.dm_peer_addr_get  device_manager_peripheral.o
    0x0001f564   0x00000154   Code   RO         1664    i.dm_pstorage_cb_handler  device_manager_peripheral.o
    0x0001f6b8   0x00000074   Code   RO         1665    i.dm_register       device_manager_peripheral.o
    0x0001f72c   0x000000b4   Code   RO         1671    i.dm_whitelist_create  device_manager_peripheral.o
    0x0001f7e0   0x00000040   Code   RO         3348    i.elapsed_ticks_acquire  app_timer.o
    0x0001f820   0x00000014   Code   RO           21    i.example_cb_handler  main.o
    0x0001f834   0x00000014   Code   RO         3277    i.fifo_get          app_fifo.o
    0x0001f848   0x00000012   Code   RO         3278    i.fifo_put          app_fifo.o
    0x0001f85a   0x00000002   PAD
    0x0001f85c   0x00000020   Code   RO         2931    i.flash_api_err_code_process  pstorage.o
    0x0001f87c   0x00000080   Code   RO         2932    i.flash_operation_success_run  pstorage.o
    0x0001f8fc   0x0000000a   Code   RO         2933    i.flash_page_erase  pstorage.o
    0x0001f906   0x0000000a   Code   RO         2934    i.flash_write       pstorage.o
    0x0001f910   0x0000000e   Code   RO         3726    i.fputc             retarget.o
    0x0001f91e   0x00000002   PAD
    0x0001f920   0x00000018   Code   RO         3532    i.fs_queued_op_count_get  fstorage.o
    0x0001f938   0x00000070   Code   RO           22    i.gap_params_init   main.o
    0x0001f9a8   0x00000004   Code   RO         1672    i.gattc_context_apply  device_manager_peripheral.o
    0x0001f9ac   0x00000004   Code   RO         1673    i.gattc_context_load  device_manager_peripheral.o
    0x0001f9b0   0x00000004   Code   RO         1674    i.gattc_context_store  device_manager_peripheral.o
    0x0001f9b4   0x000000b0   Code   RO         1675    i.gatts_context_apply  device_manager_peripheral.o
    0x0001fa64   0x00000030   Code   RO         1676    i.gatts_context_load  device_manager_peripheral.o
    0x0001fa94   0x000000ac   Code   RO         1677    i.gatts_context_store  device_manager_peripheral.o
    0x0001fb40   0x00000008   Code   RO         1678    i.gattsc_context_apply  device_manager_peripheral.o
    0x0001fb48   0x00000008   Code   RO         1679    i.gattsc_context_load  device_manager_peripheral.o
    0x0001fb50   0x00000008   Code   RO         1680    i.gattsc_context_store  device_manager_peripheral.o
    0x0001fb58   0x00000048   Code   RO          521    i.getFirmwareVersion  pn532.o
    0x0001fba0   0x00000054   Code   RO         3164    i.gpiote_event_handler  app_button.o
    0x0001fbf4   0x00000078   Code   RO         2935    i.head_restore_state_run  pstorage.o
    0x0001fc6c   0x00000078   Code   RO         3907    i.intern_softdevice_events_execute  softdevice_handler.o
    0x0001fce4   0x0000007c   Code   RO           23    i.io_init           main.o
    0x0001fd60   0x00000040   Code   RO         1324    i.irq_handler       nrf_drv_timer.o
    0x0001fda0   0x00000024   Code   RO          820    i.isReady           pn532_spi.o
    0x0001fdc4   0x00000018   Code   RO         1173    i.is_allocated_channel  nrf_drv_ppi.o
    0x0001fddc   0x00000018   Code   RO         1174    i.is_allocated_group  nrf_drv_ppi.o
    0x0001fdf4   0x0000000e   Code   RO         1175    i.is_app_channel    nrf_drv_ppi.o
    0x0001fe02   0x0000000c   Code   RO         1176    i.is_app_group      nrf_drv_ppi.o
    0x0001fe0e   0x00000002   PAD
    0x0001fe10   0x0000001c   Code   RO         2282    i.is_conn_params_ok  ble_conn_params.o
    0x0001fe2c   0x00000048   Code   RO         2081    i.is_manual_peripheral_setup_needed  system_nrf51.o
    0x0001fe74   0x00000044   Code   RO         2936    i.is_page_erase_required  pstorage.o
    0x0001feb8   0x0000000c   Code   RO         1177    i.is_programmable_app_channel  nrf_drv_ppi.o
    0x0001fec4   0x0000000c   Code   RO         2937    i.is_word_aligned   pstorage.o
    0x0001fed0   0x000000ec   Code   RO           24    i.key_read_handler  main.o
    0x0001ffbc   0x00000054   Code   RO         2120    i.le_role_encode    ble_advdata.o
    0x00020010   0x00000018   Code   RO         1934    i.leds_timer_handler  bsp.o
    0x00020028   0x000000bc   Code   RO         3349    i.list_deletions_handler  app_timer.o
    0x000200e4   0x000000d4   Code   RO         3350    i.list_insertions_handler  app_timer.o
    0x000201b8   0x00000288   Code   RO           25    i.main              main.o
    0x00020440   0x00000018   Code   RO         2938    i.main_state_err_busy_process  pstorage.o
    0x00020458   0x00000068   Code   RO         2121    i.manuf_specific_data_encode  ble_advdata.o
    0x000204c0   0x0000009e   Code   RO         2122    i.name_encode       ble_advdata.o
    0x0002055e   0x00000004   Code   RO         1681    i.no_service_context_apply  device_manager_peripheral.o
    0x00020562   0x00000004   Code   RO         1682    i.no_service_context_load  device_manager_peripheral.o
    0x00020566   0x00000004   Code   RO         1683    i.no_service_context_store  device_manager_peripheral.o
    0x0002056a   0x00000002   PAD
    0x0002056c   0x0000001c   Code   RO         2499    i.nrf_delay_ms      nrf_delay.o
    0x00020588   0x00000060   Code   RO         2526    i.nrf_drv_common_irq_enable  nrf_drv_common.o
    0x000205e8   0x00000048   Code   RO         2554    i.nrf_drv_gpiote_in_event_disable  nrf_drv_gpiote.o
    0x00020630   0x000000a0   Code   RO         2555    i.nrf_drv_gpiote_in_event_enable  nrf_drv_gpiote.o
    0x000206d0   0x0000009c   Code   RO         2556    i.nrf_drv_gpiote_in_init  nrf_drv_gpiote.o
    0x0002076c   0x00000014   Code   RO         2557    i.nrf_drv_gpiote_in_is_set  nrf_drv_gpiote.o
    0x00020780   0x00000054   Code   RO         2559    i.nrf_drv_gpiote_init  nrf_drv_gpiote.o
    0x000207d4   0x00000010   Code   RO         2560    i.nrf_drv_gpiote_is_init  nrf_drv_gpiote.o
    0x000207e4   0x00000098   Code   RO         2562    i.nrf_drv_gpiote_out_init  nrf_drv_gpiote.o
    0x0002087c   0x00000014   Code   RO         2564    i.nrf_drv_gpiote_out_task_addr_get  nrf_drv_gpiote.o
    0x00020890   0x00000020   Code   RO         2565    i.nrf_drv_gpiote_out_task_disable  nrf_drv_gpiote.o
    0x000208b0   0x00000030   Code   RO         2566    i.nrf_drv_gpiote_out_task_enable  nrf_drv_gpiote.o
    0x000208e0   0x0000002c   Code   RO         2567    i.nrf_drv_gpiote_out_task_force  nrf_drv_gpiote.o
    0x0002090c   0x00000044   Code   RO         2570    i.nrf_drv_gpiote_out_uninit  nrf_drv_gpiote.o
    0x00020950   0x00000068   Code   RO         1178    i.nrf_drv_ppi_channel_alloc  nrf_drv_ppi.o
    0x000209b8   0x00000040   Code   RO         1179    i.nrf_drv_ppi_channel_assign  nrf_drv_ppi.o
    0x000209f8   0x00000038   Code   RO         1180    i.nrf_drv_ppi_channel_disable  nrf_drv_ppi.o
    0x00020a30   0x00000038   Code   RO         1181    i.nrf_drv_ppi_channel_enable  nrf_drv_ppi.o
    0x00020a68   0x00000040   Code   RO         1183    i.nrf_drv_ppi_channel_free  nrf_drv_ppi.o
    0x00020aa8   0x00000054   Code   RO         1184    i.nrf_drv_ppi_channels_include_in_group  nrf_drv_ppi.o
    0x00020afc   0x00000054   Code   RO         1185    i.nrf_drv_ppi_channels_remove_from_group  nrf_drv_ppi.o
    0x00020b50   0x00000064   Code   RO         1186    i.nrf_drv_ppi_group_alloc  nrf_drv_ppi.o
    0x00020bb4   0x00000030   Code   RO         1188    i.nrf_drv_ppi_group_enable  nrf_drv_ppi.o
    0x00020be4   0x00000050   Code   RO         1189    i.nrf_drv_ppi_group_free  nrf_drv_ppi.o
    0x00020c34   0x00000018   Code   RO         1190    i.nrf_drv_ppi_init  nrf_drv_ppi.o
    0x00020c4c   0x0000000e   Code   RO         1021    i.nrf_drv_timer_capture_get  app_pwm.o
    0x00020c5a   0x0000000c   Code   RO         1022    i.nrf_drv_timer_capture_task_address_get  app_pwm.o
    0x00020c66   0x00000008   Code   RO         1326    i.nrf_drv_timer_clear  nrf_drv_timer.o
    0x00020c6e   0x0000002a   Code   RO         1327    i.nrf_drv_timer_compare  nrf_drv_timer.o
    0x00020c98   0x0000000e   Code   RO         1023    i.nrf_drv_timer_compare_event_address_get  app_pwm.o
    0x00020ca6   0x00000012   Code   RO         1328    i.nrf_drv_timer_compare_int_disable  nrf_drv_timer.o
    0x00020cb8   0x00000022   Code   RO         1329    i.nrf_drv_timer_compare_int_enable  nrf_drv_timer.o
    0x00020cda   0x00000002   PAD
    0x00020cdc   0x00000018   Code   RO         1330    i.nrf_drv_timer_disable  nrf_drv_timer.o
    0x00020cf4   0x0000001c   Code   RO         1331    i.nrf_drv_timer_enable  nrf_drv_timer.o
    0x00020d10   0x0000002e   Code   RO         1332    i.nrf_drv_timer_extended_compare  nrf_drv_timer.o
    0x00020d3e   0x00000002   PAD
    0x00020d40   0x000000ac   Code   RO         1334    i.nrf_drv_timer_init  nrf_drv_timer.o
    0x00020dec   0x0000004c   Code   RO         1337    i.nrf_drv_timer_uninit  nrf_drv_timer.o
    0x00020e38   0x000000d0   Code   RO         2746    i.nrf_drv_uart_init  nrf_drv_uart.o
    0x00020f08   0x0000004c   Code   RO         2747    i.nrf_drv_uart_rx   nrf_drv_uart.o
    0x00020f54   0x00000018   Code   RO         2750    i.nrf_drv_uart_rx_enable  nrf_drv_uart.o
    0x00020f6c   0x0000009c   Code   RO         2751    i.nrf_drv_uart_rx_for_uart  nrf_drv_uart.o
    0x00021008   0x00000024   Code   RO         2752    i.nrf_drv_uart_tx   nrf_drv_uart.o
    0x0002102c   0x00000074   Code   RO         2754    i.nrf_drv_uart_tx_for_uart  nrf_drv_uart.o
    0x000210a0   0x00000010   Code   RO         2755    i.nrf_drv_uart_tx_in_progress  nrf_drv_uart.o
    0x000210b0   0x00000024   Code   RO           26    i.nrf_gpio_cfg      main.o
    0x000210d4   0x00000024   Code   RO         2572    i.nrf_gpio_cfg      nrf_drv_gpiote.o
    0x000210f8   0x00000024   Code   RO         2757    i.nrf_gpio_cfg      nrf_drv_uart.o
    0x0002111c   0x00000012   Code   RO         2573    i.nrf_gpio_cfg_default  nrf_drv_gpiote.o
    0x0002112e   0x00000012   Code   RO           27    i.nrf_gpio_cfg_input  main.o
    0x00021140   0x00000012   Code   RO         2759    i.nrf_gpio_cfg_input  nrf_drv_uart.o
    0x00021152   0x00000014   Code   RO           28    i.nrf_gpio_cfg_output  main.o
    0x00021166   0x00000014   Code   RO         2760    i.nrf_gpio_cfg_output  nrf_drv_uart.o
    0x0002117a   0x00000002   PAD
    0x0002117c   0x00000020   Code   RO         2574    i.nrf_gpio_cfg_sense_set  nrf_drv_gpiote.o
    0x0002119c   0x00000010   Code   RO           29    i.nrf_gpio_pin_clear  main.o
    0x000211ac   0x00000010   Code   RO          821    i.nrf_gpio_pin_clear  pn532_spi.o
    0x000211bc   0x00000010   Code   RO          924    i.nrf_gpio_pin_clear  motot_driver.o
    0x000211cc   0x00000010   Code   RO          729    i.nrf_gpio_pin_set  nrf_drv_spi.o
    0x000211dc   0x00000010   Code   RO          822    i.nrf_gpio_pin_set  pn532_spi.o
    0x000211ec   0x00000014   Code   RO         2575    i.nrf_gpiote_event_is_set  nrf_drv_gpiote.o
    0x00021200   0x0000000c   Code   RO         2761    i.nrf_uart_errorsrc_get_and_clear  nrf_drv_uart.o
    0x0002120c   0x0000000a   Code   RO         2762    i.nrf_uart_event_check  nrf_drv_uart.o
    0x00021216   0x0000000c   Code   RO         2763    i.nrf_uart_hwfc_pins_set  nrf_drv_uart.o
    0x00021222   0x00000010   Code   RO         2764    i.nrf_uart_int_enable_check  nrf_drv_uart.o
    0x00021232   0x0000000c   Code   RO         2765    i.nrf_uart_txrx_pins_set  nrf_drv_uart.o
    0x0002123e   0x00000002   PAD
    0x00021240   0x0000003c   Code   RO           30    i.nus_data_handler  main.o
    0x0002127c   0x000000a4   Code   RO           31    i.on_adv_evt        main.o
    0x00021320   0x0000011c   Code   RO           32    i.on_ble_evt        main.o
    0x0002143c   0x00000020   Code   RO           33    i.on_conn_params_evt  main.o
    0x0002145c   0x00000038   Code   RO         1024    i.pan73_workaround  app_pwm.o
    0x00021494   0x00000016   Code   RO         2198    i.peer_address_exists  ble_advertising.o
    0x000214aa   0x00000002   PAD
    0x000214ac   0x00000038   Code   RO         1684    i.peer_instance_init  device_manager_peripheral.o
    0x000214e4   0x00000014   Code   RO         2576    i.pin_in_use_by_gpiote  nrf_drv_gpiote.o
    0x000214f8   0x00000018   Code   RO         2577    i.pin_in_use_by_port  nrf_drv_gpiote.o
    0x00021510   0x00000018   Code   RO         2578    i.pin_in_use_by_te  nrf_drv_gpiote.o
    0x00021528   0x00000036   Code   RO         1533    i.pnp_id_encode     ble_dis.o
    0x0002155e   0x00000002   PAD
    0x00021560   0x00000028   Code   RO         2939    i.pstorage_access_status_get  pstorage.o
    0x00021588   0x00000054   Code   RO         2940    i.pstorage_block_identifier_get  pstorage.o
    0x000215dc   0x000000a4   Code   RO         2941    i.pstorage_clear    pstorage.o
    0x00021680   0x00000024   Code   RO         2942    i.pstorage_flash_page_end  pstorage.o
    0x000216a4   0x0000000a   Code   RO         2943    i.pstorage_flash_page_size  pstorage.o
    0x000216ae   0x00000002   PAD
    0x000216b0   0x0000004c   Code   RO         2944    i.pstorage_init     pstorage.o
    0x000216fc   0x000000a8   Code   RO         2945    i.pstorage_load     pstorage.o
    0x000217a4   0x000000bc   Code   RO         2946    i.pstorage_register  pstorage.o
    0x00021860   0x00000090   Code   RO         2947    i.pstorage_store    pstorage.o
    0x000218f0   0x0000004c   Code   RO         2948    i.pstorage_sys_event_handler  pstorage.o
    0x0002193c   0x00000090   Code   RO         2949    i.pstorage_update   pstorage.o
    0x000219cc   0x00000018   Code   RO         1025    i.pwm_channel_ppi_disable  app_pwm.o
    0x000219e4   0x00000080   Code   RO         1026    i.pwm_dealloc       app_pwm.o
    0x00021a64   0x00000038   Code   RO          925    i.pwm_driver_init   motot_driver.o
    0x00021a9c   0x00000014   Code   RO         1027    i.pwm_ppi_disable   app_pwm.o
    0x00021ab0   0x0000000c   Code   RO          926    i.pwm_ready_callback  motot_driver.o
    0x00021abc   0x00000058   Code   RO         1028    i.pwm_ready_tick    app_pwm.o
    0x00021b14   0x00000074   Code   RO         1029    i.pwm_transition_0or100_to_0or100  app_pwm.o
    0x00021b88   0x00000114   Code   RO         1030    i.pwm_transition_0or100_to_n  app_pwm.o
    0x00021c9c   0x0000010c   Code   RO         1031    i.pwm_transition_n_to_0or100  app_pwm.o
    0x00021da8   0x000000d8   Code   RO         1032    i.pwm_transition_n_to_m  app_pwm.o
    0x00021e80   0x00000048   Code   RO          823    i.readAckFrame      pn532_spi.o
    0x00021ec8   0x00000054   Code   RO          530    i.readPassiveTargetID  pn532.o
    0x00021f1c   0x000000e4   Code   RO          824    i.readResponse      pn532_spi.o
    0x00022000   0x00000044   Code   RO         3351    i.rtc1_stop         app_timer.o
    0x00022044   0x00000038   Code   RO         2766    i.rx_byte           nrf_drv_uart.o
    0x0002207c   0x0000009a   Code   RO         2344    i.rx_char_add       ble_nus.o
    0x00022116   0x00000002   PAD
    0x00022118   0x0000001c   Code   RO         2767    i.rx_done_event     nrf_drv_uart.o
    0x00022134   0x0000001c   Code   RO         2768    i.rx_enable         nrf_drv_uart.o
    0x00022150   0x0000001c   Code   RO           34    i.scheduler_init    main.o
    0x0002216c   0x00000010   Code   RO         3908    i.sd_check_ram_start  softdevice_handler.o
    0x0002217c   0x0000008c   Code   RO         3909    i.sd_nvic_EnableIRQ  softdevice_handler.o
    0x00022208   0x0000008e   Code   RO         2123    i.service_data_encode  ble_advdata.o
    0x00022296   0x00000002   PAD
    0x00022298   0x000000b0   Code   RO           35    i.services_init     main.o
    0x00022348   0x0000004c   Code   RO          927    i.servo_left        motot_driver.o
    0x00022394   0x00000038   Code   RO          928    i.servo_right       motot_driver.o
    0x000223cc   0x0000001c   Code   RO           36    i.set_column_input  main.o
    0x000223e8   0x00000028   Code   RO           37    i.set_column_output  main.o
    0x00022410   0x00000024   Code   RO           38    i.set_row_input     main.o
    0x00022434   0x00000034   Code   RO           39    i.set_row_output    main.o
    0x00022468   0x00000048   Code   RO         2950    i.sm_state_change   pstorage.o
    0x000224b0   0x00000014   Code   RO         3910    i.softdevice_ble_evt_handler_set  softdevice_handler.o
    0x000224c4   0x00000014   Code   RO         3911    i.softdevice_enable  softdevice_handler.o
    0x000224d8   0x00000028   Code   RO         3912    i.softdevice_enable_get_default_config  softdevice_handler.o
    0x00022500   0x00000008   Code   RO         3913    i.softdevice_fault_handler  softdevice_handler.o
    0x00022508   0x00000034   Code   RO         3914    i.softdevice_handler_init  softdevice_handler.o
    0x0002253c   0x00000014   Code   RO         3917    i.softdevice_sys_evt_handler_set  softdevice_handler.o
    0x00022550   0x00000064   Code   RO         2951    i.state_data_erase_swap_entry_run  pstorage.o
    0x000225b4   0x00000010   Code   RO         2952    i.state_erase_data_page_entry_run  pstorage.o
    0x000225c4   0x00000028   Code   RO         2953    i.state_restore_head_entry_run  pstorage.o
    0x000225ec   0x0000004c   Code   RO         2954    i.state_restore_tail_entry_run  pstorage.o
    0x00022638   0x00000020   Code   RO         2955    i.state_swap_erase_entry_run  pstorage.o
    0x00022658   0x00000030   Code   RO         2956    i.state_write_data_swap_entry_run  pstorage.o
    0x00022688   0x00000004   Code   RO         1685    i.storage_operation_dummy_handler  device_manager_peripheral.o
    0x0002268c   0x0000005c   Code   RO         2957    i.store_cmd_flash_write_execute  pstorage.o
    0x000226e8   0x0000001c   Code   RO         2958    i.swap_erase_state_run  pstorage.o
    0x00022704   0x00000018   Code   RO         2959    i.swap_sub_state_err_busy_process  pstorage.o
    0x0002271c   0x00000014   Code   RO         2960    i.swap_sub_state_state_change  pstorage.o
    0x00022730   0x00000010   Code   RO           40    i.sys_evt_dispatch  main.o
    0x00022740   0x0000004e   Code   RO         1534    i.sys_id_encode     ble_dis.o
    0x0002278e   0x00000002   PAD
    0x00022790   0x0000001c   Code   RO         2961    i.tail_restore_state_run  pstorage.o
    0x000227ac   0x00000084   Code   RO         3352    i.timer_list_handler  app_timer.o
    0x00022830   0x00000010   Code   RO         3353    i.timer_list_handler_sched  app_timer.o
    0x00022840   0x00000040   Code   RO         3354    i.timer_list_insert  app_timer.o
    0x00022880   0x00000080   Code   RO         3355    i.timer_timeouts_check  app_timer.o
    0x00022900   0x00000050   Code   RO          731    i.transfer_byte     nrf_drv_spi.o
    0x00022950   0x0000002c   Code   RO         2769    i.tx_byte           nrf_drv_uart.o
    0x0002297c   0x0000007c   Code   RO         2345    i.tx_char_add       ble_nus.o
    0x000229f8   0x00000020   Code   RO         2770    i.tx_done_event     nrf_drv_uart.o
    0x00022a18   0x00000088   Code   RO         1605    i.tx_power_level_char_add  ble_tps.o
    0x00022aa0   0x00000030   Code   RO           41    i.uart_event_handle  main.o
    0x00022ad0   0x000000b0   Code   RO         2435    i.uart_event_handler  app_uart_fifo.o
    0x00022b80   0x00000124   Code   RO         2771    i.uart_irq_handler  nrf_drv_uart.o
    0x00022ca4   0x0000000a   Code   RO         2124    i.uint16_encode     ble_advdata.o
    0x00022cae   0x00000002   PAD
    0x00022cb0   0x00000014   Code   RO         1686    i.update_status_bit_reset  device_manager_peripheral.o
    0x00022cc4   0x00000064   Code   RO         2283    i.update_timeout_handler  ble_conn_params.o
    0x00022d28   0x00000054   Code   RO         3356    i.user_id_get       app_timer.o
    0x00022d7c   0x00000026   Code   RO         3357    i.user_op_alloc     app_timer.o
    0x00022da2   0x00000030   Code   RO         2125    i.uuid_list_encode  ble_advdata.o
    0x00022dd2   0x000000ae   Code   RO         2126    i.uuid_list_sized_encode  ble_advdata.o
    0x00022e80   0x00000012   Code   RO          825    i.wakeup            pn532_spi.o
    0x00022e92   0x00000010   Code   RO         2199    i.whitelist_has_entries  ble_advertising.o
    0x00022ea2   0x00000002   PAD
    0x00022ea4   0x00000040   Code   RO          826    i.writeCommand      pn532_spi.o
    0x00022ee4   0x0000007c   Code   RO          827    i.writeFrame        pn532_spi.o
    0x00022f60   0x00000094   Data   RO           45    .constdata          main.o
    0x00022ff4   0x00000008   Data   RO          930    .constdata          motot_driver.o
    0x00022ffc   0x0000001c   Data   RO          931    .constdata          motot_driver.o
    0x00023018   0x0000000c   Data   RO         1034    .constdata          app_pwm.o
    0x00023024   0x00000018   Data   RO         1339    .constdata          nrf_drv_timer.o
    0x0002303c   0x00000030   Data   RO         1688    .constdata          device_manager_peripheral.o
    0x0002306c   0x0000003c   Data   RO         1939    .constdata          bsp.o
    0x000230a8   0x00000004   Data   RO         2286    .constdata          ble_conn_params.o
    0x000230ac   0x00000010   Data   RO         2346    .constdata          ble_nus.o
    0x000230bc   0x00000020   Data   RO         2437    .constdata          app_uart_fifo.o
    0x000230dc   0x00000020   Data   RO         2773    .constdata          nrf_drv_uart.o
    0x000230fc   0x00000028   Data   RO         2963    .constdata          pstorage.o
    0x00023124   0x00000008   Data   RO         3166    .constdata          app_button.o
    0x0002312c   0x00000020   Data   RO         4326    Region$$Table       anon$$obj.o


    Execution Region RW_IRAM1 (Base: 0x20002080, Size: 0x00001708, Max: 0x00005f80, ABSOLUTE, COMPRESSED[0x00000018])

    Base Addr    Size         Type   Attr      Idx    E Section Name        Object

    0x20002080   0x00000074   Data   RW           46    .data               main.o
    0x200020f4   0x00000031   Data   RW          536    .data               pn532.o
    0x20002125   0x00000003   Data   RW          829    .data               pn532_spi.o
    0x20002128   0x00000001   Data   RW          932    .data               motot_driver.o
    0x20002129   0x00000009   Data   RW         1035    .data               app_pwm.o
    0x20002132   0x00000002   PAD
    0x20002134   0x00000008   Data   RW         1192    .data               nrf_drv_ppi.o
    0x2000213c   0x00000010   Data   RW         1486    .data               app_scheduler.o
    0x2000214c   0x0000004a   Data   RW         1535    .data               ble_dis.o
    0x20002196   0x00000002   PAD
    0x20002198   0x00000018   Data   RW         1690    .data               device_manager_peripheral.o
    0x200021b0   0x00000018   Data   RW         1940    .data               bsp.o
    0x200021c8   0x00000008   Data   RW         2034    .data               bsp_btn_ble.o
    0x200021d0   0x00000004   Data   RW         2082    .data               system_nrf51.o
    0x200021d4   0x0000001f   Data   RW         2201    .data               ble_advertising.o
    0x200021f3   0x00000001   PAD
    0x200021f4   0x00000014   Data   RW         2287    .data               ble_conn_params.o
    0x20002208   0x00000008   Data   RW         2438    .data               app_uart_fifo.o
    0x20002210   0x00000024   Data   RW         2964    .data               pstorage.o
    0x20002234   0x00000014   Data   RW         3167    .data               app_button.o
    0x20002248   0x00000020   Data   RW         3358    .data               app_timer.o
    0x20002268   0x00000004   Data   RW         3727    .data               retarget.o
    0x2000226c   0x0000001c   Data   RW         3918    .data               softdevice_handler.o
    0x20002288   0x00000020   Zero   RW           42    .bss                main.o
    0x200022a8   0x00000778   Zero   RW           43    .bss                main.o
    0x20002a20   0x00000040   Zero   RW          534    .bss                pn532.o
    0x20002a60   0x00000020   Zero   RW          732    .bss                nrf_drv_spi.o
    0x20002a80   0x00000024   Zero   RW          929    .bss                motot_driver.o
    0x20002aa4   0x00000018   Zero   RW         1033    .bss                app_pwm.o
    0x20002abc   0x00000024   Zero   RW         1338    .bss                nrf_drv_timer.o
    0x20002ae0   0x00000127   Zero   RW         1687    .bss                device_manager_peripheral.o
    0x20002c07   0x00000001   PAD
    0x20002c08   0x00000020   Zero   RW         1935    .bss                bsp.o
    0x20002c28   0x00000020   Zero   RW         1936    .bss                bsp.o
    0x20002c48   0x0000000c   Zero   RW         1937    .bss                bsp.o
    0x20002c54   0x00000020   Zero   RW         1938    .bss                bsp.o
    0x20002c74   0x00000103   Zero   RW         2200    .bss                ble_advertising.o
    0x20002d77   0x00000001   PAD
    0x20002d78   0x00000020   Zero   RW         2284    .bss                ble_conn_params.o
    0x20002d98   0x0000001c   Zero   RW         2285    .bss                ble_conn_params.o
    0x20002db4   0x00000020   Zero   RW         2436    .bss                app_uart_fifo.o
    0x20002dd4   0x00000048   Zero   RW         2579    .bss                nrf_drv_gpiote.o
    0x20002e1c   0x0000001c   Zero   RW         2772    .bss                nrf_drv_uart.o
    0x20002e38   0x000000d8   Zero   RW         2962    .bss                pstorage.o
    0x20002f10   0x00000020   Zero   RW         3165    .bss                app_button.o
    0x20002f30   0x00000058   Zero   RW         3541    .bss                fstorage.o
    0x20002f88   0x00000800   Zero   RW         2070    STACK               arm_startup_nrf51.o


==============================================================================

Image component sizes


      Code (inc. data)   RO Data    RW Data    ZI Data      Debug   Object Name

       376         42          8         20         32       6563   app_button.o
        24          4          0          0          0        593   app_error.o
        24          8          0          0          0       6222   app_error_weak.o
       122          0          0          0          0       3686   app_fifo.o
      2380        144         12          9         24      31619   app_pwm.o
       298         20          0         16          0       8035   app_scheduler.o
      1696        150          0         32          0      26283   app_timer.o
        46          6          0          0          0       5153   app_timer_appsh.o
       444         42         32          8         32      11426   app_uart_fifo.o
       104         20          0          0          0       5102   app_util_platform.o
        56         18        192          0       2048        700   arm_startup_nrf51.o
      1588          6          0          0          0      14364   ble_advdata.o
      1230         58          0         31        259      16033   ble_advertising.o
       460         58          4         20         60      12800   ble_conn_params.o
       600         16          0         74          0      48043   ble_dis.o
       554         12         16          0          0       6050   ble_nus.o
        18          0          0          0          0       1260   ble_srv_common.o
       192         12          0          0          0       3384   ble_tps.o
      1000        118         60         24        108      15759   bsp.o
       264         10          0          8          0       4220   bsp_btn_ble.o
      3020        232         48         24        295      32614   device_manager_peripheral.o
        24          6          0          0         88       3524   fstorage.o
      4528        674        148        116       1944     122588   main.o
       216         36         36          1         36      18260   motot_driver.o
        58          4          0          0          0       1599   nrf_delay.o
        96         18          0          0          0       6376   nrf_drv_common.o
      1510        196          0          0         72      26358   nrf_drv_gpiote.o
       862         72          0          8          0      17741   nrf_drv_ppi.o
       152         16          0          0         32      15387   nrf_drv_spi.o
       584         60         24          0         36      18293   nrf_drv_timer.o
      1256        134         32          0         28      24362   nrf_drv_uart.o
       354         40          0         49         64      35201   pn532.o
       746         56          0          3          0      11240   pn532_spi.o
      2818        264         40         36        216      32018   pstorage.o
        14          0          0          4          0       2610   retarget.o
       468         62          0         28          0      21433   softdevice_handler.o
       232         36          0          4          0       2251   system_nrf51.o

    ----------------------------------------------------------------------
     28462       2650        684        520       5376     619150   Object Totals
         0          0         32          0          0          0   (incl. Generated)
        48          0          0          5          2          0   (incl. Padding)

    ----------------------------------------------------------------------

      Code (inc. data)   RO Data    RW Data    ZI Data      Debug   Library Member Name

        86          0          0          0          0          0   __dczerorl2.o
         0          0          0          0          0          0   entry.o
         0          0          0          0          0          0   entry10a.o
         0          0          0          0          0          0   entry11a.o
         8          4          0          0          0          0   entry2.o
         4          0          0          0          0          0   entry5.o
         0          0          0          0          0          0   entry7b.o
         0          0          0          0          0          0   entry8b.o
         8          4          0          0          0          0   entry9a.o
        30          0          0          0          0          0   handlers.o
        40          0          0          0          0         72   idiv.o
        36          8          0          0          0         68   init.o
         0          0          0          0          0          0   iusefp.o
        32          0          0          0          0         68   llshl.o
        38          0          0          0          0         68   llsshr.o
        34          0          0          0          0         68   llushr.o
        26          0          0          0          0         72   memcmp.o
        36          0          0          0          0         60   memcpya.o
        36          0          0          0          0        100   memseta.o
      2236        102          0          0          0        412   printfa.o
        14          0          0          0          0         60   strlen.o
        44          0          0          0          0         72   uidiv.o
        96          0          0          0          0         84   uldiv.o
        40          2          0          0          0         68   cdrcmple.o
       356          6          0          0          0        140   dadd.o
       240          6          0          0          0         84   ddiv.o
       238          0          0          0          0        216   depilogue.o
        64         10          0          0          0         68   dfixul.o
       208          6          0          0          0         88   dmul.o

    ----------------------------------------------------------------------
      3954        148          0          0          0       1868   Library Totals
         4          0          0          0          0          0   (incl. Padding)

    ----------------------------------------------------------------------

      Code (inc. data)   RO Data    RW Data    ZI Data      Debug   Library Name

      2804        118          0          0          0       1204   mc_p.l
      1146         30          0          0          0        664   mf_p.l

    ----------------------------------------------------------------------
      3954        148          0          0          0       1868   Library Totals

    ----------------------------------------------------------------------

==============================================================================


      Code (inc. data)   RO Data    RW Data    ZI Data      Debug   

     32416       2798        684        520       5376     605146   Grand Totals
     32416       2798        684         24       5376     605146   ELF Image Totals (compressed)
     32416       2798        684         24          0          0   ROM Totals

==============================================================================

    Total RO  Size (Code + RO Data)                33100 (  32.32kB)
    Total RW  Size (RW Data + ZI Data)              5896 (   5.76kB)
    Total ROM Size (Code + RO Data + RW Data)      33124 (  32.35kB)

==============================================================================

