<html>
<body>
<pre>
<h1>µVision Build Log</h1>
<h2>Project:</h2>
C:\Users\Joe\Desktop\SmartLock\firmware\Smart_bikeV1.1\examples\ble_peripheral\ble_app_uart\pca10028\s130\arm4\ble_app_uart_s130_pca10028.uvproj
Project File Date:  06/07/2016

<h2>Output:</h2>
Build target 'nrf51422_xxac_s130'
linking...
Program Size: Code=32416 RO-data=684 RW-data=520 ZI-data=5376  
FromELF: creating hex file...
".\_build\nrf51422_xxac_s130.axf" - 0 Errors, 0 Warning(s).
Rebuild target 'nrf51422_xxac_s130'
compiling main.c...
compiling PN532.c...
compiling nrf_drv_spi.c...
compiling PN532_SPI.c...
..\..\..\PN532_SPI.c(71): warning:  #940-D: missing return statement at end of non-void function "SPI_WriteByte"
compiling motot_driver.c...
compiling app_pwm.c...
compiling nrf_drv_ppi.c...
compiling nrf_drv_timer.c...
compiling app_timer_appsh.c...
compiling app_scheduler.c...
compiling ble_dis.c...
compiling ble_tps.c...
compiling device_manager_peripheral.c...
compiling bsp.c...
compiling bsp_btn_ble.c...
assembling arm_startup_nrf51.s...
compiling system_nrf51.c...
compiling ble_advdata.c...
compiling ble_advertising.c...
compiling ble_conn_params.c...
compiling ble_nus.c...
compiling ble_srv_common.c...
compiling app_uart_fifo.c...
compiling nrf_delay.c...
compiling nrf_drv_common.c...
compiling nrf_drv_gpiote.c...
compiling nrf_drv_uart.c...
compiling pstorage.c...
compiling app_button.c...
compiling app_error.c...
compiling app_error_weak.c...
compiling app_fifo.c...
compiling app_timer.c...
compiling app_util_platform.c...
compiling fstorage.c...
compiling nrf_assert.c...
compiling nrf_log.c...
compiling retarget.c...
compiling RTT_Syscalls_KEIL.c...
compiling SEGGER_RTT.c...
compiling SEGGER_RTT_printf.c...
compiling softdevice_handler.c...
linking...
Program Size: Code=32416 RO-data=684 RW-data=520 ZI-data=5376  
FromELF: creating hex file...
".\_build\nrf51422_xxac_s130.axf" - 0 Errors, 1 Warning(s).
